******************************************************************************
                  TI ARM Linker PC v18.1.1                     
******************************************************************************
>> Linked Tue May  1 14:33:23 2018

OUTPUT FILE NAME:   <DDL Project.out>
ENTRY POINT SYMBOL: "_c_int00_noargs"  address: 00000f69


MEMORY CONFIGURATION

         name            origin    length      used     unused   attr    fill
----------------------  --------  ---------  --------  --------  ----  --------
  MAIN                  00000000   00040000  0000104a  0003efb6  R  X
  INFO                  00200000   00004000  00000000  00004000  R  X
  SRAM_CODE             01000000   00010000  0000027e  0000fd82  RW X
  SRAM_DATA             20000000   00010000  0000027e  0000fd82  RW  


SEGMENT ALLOCATION MAP

run origin  load origin   length   init length attrs members
----------  ----------- ---------- ----------- ----- -------
00000000    00000000    00001050   00001050    r-x
  00000000    00000000    000000e4   000000e4    r-- .intvecs
  000000e4    000000e4    00000f06   00000f06    r-x .text
  00000ff0    00000ff0    00000060   00000060    r-- .cinit
20000000    20000000    00000081   00000000    rw-
  20000000    20000000    00000041   00000000    rw- .bss
  20000044    20000044    0000003d   00000000    rw- .data
2000fe00    2000fe00    00000200   00000000    rw-
  2000fe00    2000fe00    00000200   00000000    rw- .stack


SECTION ALLOCATION MAP

 output                                  attributes/
section   page    origin      length       input sections
--------  ----  ----------  ----------   ----------------
.intvecs   0    00000000    000000e4     
                  00000000    000000e4     startup_msp432p401r_ccs.obj (.intvecs:retain)

.text      0    000000e4    00000f06     
                  000000e4    00000564     Decoder.obj (.text)
                  00000648    00000334     system_msp432p401r.obj (.text)
                  0000097c    00000288     uart.obj (.text)
                  00000c04    00000144     timer.obj (.text)
                  00000d48    0000009c     rtsv7M4_T_le_v4SPD16_eabi.lib : memcpy_t2.asm.obj (.text)
                  00000de4    00000074     main.obj (.text)
                  00000e58    00000068     rtsv7M4_T_le_v4SPD16_eabi.lib : copy_decompress_lzss.c.obj (.text:decompress:lzss:__TI_decompress_lzss)
                  00000ec0    00000064     GPIO.obj (.text)
                  00000f24    00000044     rtsv7M4_T_le_v4SPD16_eabi.lib : autoinit.c.obj (.text:__TI_auto_init_nobinit_nopinit:__TI_auto_init_nobinit_nopinit)
                  00000f68    00000038                                   : boot_cortex_m.c.obj (.text:_c_int00_noargs:_c_int00_noargs)
                  00000fa0    00000014                                   : strlen.c.obj (.text:strlen)
                  00000fb4    00000012                                   : copy_zero_init.c.obj (.text:decompress:ZI:__TI_zero_init_nomemset:__TI_zero_init_nomemset)
                  00000fc6    0000000e                                   : copy_decompress_none.c.obj (.text:decompress:none:__TI_decompress_none)
                  00000fd4    0000000e     startup_msp432p401r_ccs.obj (.text)
                  00000fe2    00000004     rtsv7M4_T_le_v4SPD16_eabi.lib : pre_init.c.obj (.text:_system_pre_init)
                  00000fe6    00000004                                   : exit.c.obj (.text:abort:abort)

.cinit     0    00000ff0    00000060     
                  00000ff0    00000037     (.cinit..data.load) [load image, compression = lzss]
                  00001027    00000001     --HOLE-- [fill = 0]
                  00001028    0000000c     (__TI_handler_table)
                  00001034    00000004     --HOLE-- [fill = 0]
                  00001038    00000008     (.cinit..bss.load) [load image, compression = zero_init]
                  00001040    00000010     (__TI_cinit_table)

.init_array 
*          0    00000000    00000000     UNINITIALIZED

.binit     0    00000000    00000000     

.bss       0    20000000    00000041     UNINITIALIZED
                  20000000    00000040     (.common:data_array)
                  20000040    00000001     (.common:data)

.data      0    20000044    0000003d     UNINITIALIZED
                  20000044    00000010     Decoder.obj (.data:master)
                  20000054    00000010     Decoder.obj (.data:user_1)
                  20000064    00000010     Decoder.obj (.data:user_2)
                  20000074    00000004     main.obj (.data)
                  20000078    00000004     system_msp432p401r.obj (.data)
                  2000007c    00000002     Decoder.obj (.data)
                  2000007e    00000002     uart.obj (.data)
                  20000080    00000001     timer.obj (.data)

.stack     0    2000fe00    00000200     UNINITIALIZED
                  2000fe00    00000004     rtsv7M4_T_le_v4SPD16_eabi.lib : boot_cortex_m.c.obj (.stack)
                  2000fe04    000001fc     --HOLE--

MODULE SUMMARY

       Module                        code   ro data   rw data
       ------                        ----   -------   -------
    .\
       Decoder.obj                   1380   0         100    
       system_msp432p401r.obj        820    0         8      
       uart.obj                      648    0         134    
       timer.obj                     324    0         2      
       startup_msp432p401r_ccs.obj   14     228       0      
       main.obj                      116    0         8      
       GPIO.obj                      100    0         0      
    +--+-----------------------------+------+---------+---------+
       Total:                        3402   228       252    
                                                             
    E:\ccs\ccsv8\tools\compiler\ti-cgt-arm_18.1.1.LTS\lib\rtsv7M4_T_le_v4SPD16_eabi.lib
       memcpy_t2.asm.obj             156    0         0      
       copy_decompress_lzss.c.obj    104    0         0      
       autoinit.c.obj                68     0         0      
       boot_cortex_m.c.obj           56     0         0      
       strlen.c.obj                  20     0         0      
       copy_zero_init.c.obj          18     0         0      
       copy_decompress_none.c.obj    14     0         0      
       exit.c.obj                    4      0         0      
       pre_init.c.obj                4      0         0      
    +--+-----------------------------+------+---------+---------+
       Total:                        444    0         0      
                                                             
       Stack:                        0      0         1024   
       Linker Generated:             0      91        0      
    +--+-----------------------------+------+---------+---------+
       Grand Total:                  3846   319       1276   


LINKER GENERATED COPY TABLES

__TI_cinit_table @ 00001040 records: 2, size/record: 8, table size: 16
	.data: load addr=00000ff0, load size=00000037 bytes, run addr=20000044, run size=0000003d bytes, compression=lzss
	.bss: load addr=00001038, load size=00000008 bytes, run addr=20000000, run size=00000041 bytes, compression=zero_init


LINKER GENERATED HANDLER TABLE

__TI_handler_table @ 00001028 records: 3, size/record: 4, table size: 12
	index: 0, handler: __TI_decompress_lzss
	index: 1, handler: __TI_decompress_none
	index: 2, handler: __TI_zero_init


GLOBAL SYMBOLS: SORTED ALPHABETICALLY BY Name 

address   name                          
-------   ----                          
00000fe1  ADC14_IRQHandler              
00000fe1  AES256_IRQHandler             
00000fe1  BusFault_Handler              
00000fe7  C$$EXIT                       
00000fe1  COMP_E0_IRQHandler            
00000fe1  COMP_E1_IRQHandler            
00000fe1  CS_IRQHandler                 
00000fe1  DMA_ERR_IRQHandler            
00000fe1  DMA_INT0_IRQHandler           
00000fe1  DMA_INT1_IRQHandler           
00000fe1  DMA_INT2_IRQHandler           
00000fe1  DMA_INT3_IRQHandler           
00000fe1  DebugMon_Handler              
00000fe1  Default_Handler               
00000b33  EUSCIA0_IRQHandler            
00000b33  EUSCIA0_IRQHandler            
00000fe1  EUSCIA1_IRQHandler            
00000b53  EUSCIA2_IRQHandler            
00000b53  EUSCIA2_IRQHandler            
00000fe1  EUSCIA3_IRQHandler            
00000fe1  EUSCIB0_IRQHandler            
00000fe1  EUSCIB1_IRQHandler            
00000fe1  EUSCIB2_IRQHandler            
00000fe1  EUSCIB3_IRQHandler            
00000fe1  FLCTL_IRQHandler              
00000fe1  FPU_IRQHandler                
00000ec1  GPIO_Config                   
00000fe1  HardFault_Handler             
00000fe1  MemManage_Handler             
00000fe1  NMI_Handler                   
00000fe1  PCM_IRQHandler                
00000fe1  PORT1_IRQHandler              
00000fe1  PORT2_IRQHandler              
00000fe1  PORT3_IRQHandler              
00000fe1  PORT4_IRQHandler              
00000fe1  PORT5_IRQHandler              
00000fe1  PORT6_IRQHandler              
00000fe1  PSS_IRQHandler                
00000fe1  PendSV_Handler                
00000fe1  RTC_C_IRQHandler              
00000fd5  Reset_Handler                 
00000fe1  SVC_Handler                   
00000fe1  SysTick_Handler               
20000078  SystemCoreClock               
00000649  SystemCoreClockUpdate         
000008c1  SystemInit                    
00000fe1  T32_INT1_IRQHandler           
00000fe1  T32_INT2_IRQHandler           
00000fe1  T32_INTC_IRQHandler           
00000cf3  TA0_0_IRQHandler              
00000cf3  TA0_0_IRQHandler              
00000fe1  TA0_N_IRQHandler              
00000fe1  TA1_0_IRQHandler              
00000fe1  TA1_N_IRQHandler              
00000fe1  TA2_0_IRQHandler              
00000fe1  TA2_N_IRQHandler              
00000fe1  TA3_0_IRQHandler              
00000fe1  TA3_N_IRQHandler              
00000a37  UART_Config_UCA0              
000009a9  UART_Config_UCA2              
00000b17  UART_send_byte                
00000ac5  UART_send_n                   
00000fe1  UsageFault_Handler            
4000480c  WDTCTL_SYM                    
00000fe1  WDT_A_IRQHandler              
20010000  __STACK_END                   
00000200  __STACK_SIZE                  
00001040  __TI_CINIT_Base               
00001050  __TI_CINIT_Limit              
00001028  __TI_Handler_Table_Base       
00001034  __TI_Handler_Table_Limit      
00000f25  __TI_auto_init_nobinit_nopinit
00000e59  __TI_decompress_lzss          
00000fc7  __TI_decompress_none          
ffffffff  __TI_pprof_out_hndl           
ffffffff  __TI_prof_data_size           
ffffffff  __TI_prof_data_start          
00000000  __TI_static_base__            
00000fb5  __TI_zero_init_nomemset       
00000d49  __aeabi_memcpy                
00000d49  __aeabi_memcpy4               
00000d49  __aeabi_memcpy8               
ffffffff  __binit__                     
ffffffff  __c_args__                    
UNDEFED   __mpu_init                    
2000fe00  __stack                       
00000f69  _c_int00_noargs               
UNDEFED   _system_post_cinit            
00000fe3  _system_pre_init              
00000fe7  abort                         
00000b7d  add_item_to_array             
ffffffff  binit                         
20000074  cardDetect                    
20000040  data                          
20000000  data_array                    
000000e5  decoder                       
2000007c  enable                        
2000007f  index                         
00000000  interruptVectors              
00000de5  main                          
20000044  master                        
00000d49  memcpy                        
00000cbf  pwm_down                      
00000c8b  pwm_up                        
2000007e  response                      
20000080  status                        
00000fa1  strlen                        
00000cf9  systic_config                 
00000c31  timer_a0_config               
00000c63  timer_a0_pwm_config           
2000007d  toggle                        
20000054  user_1                        
20000064  user_2                        


GLOBAL SYMBOLS: SORTED BY Symbol Address 

address   name                          
-------   ----                          
00000000  __TI_static_base__            
00000000  interruptVectors              
000000e5  decoder                       
00000200  __STACK_SIZE                  
00000649  SystemCoreClockUpdate         
000008c1  SystemInit                    
000009a9  UART_Config_UCA2              
00000a37  UART_Config_UCA0              
00000ac5  UART_send_n                   
00000b17  UART_send_byte                
00000b33  EUSCIA0_IRQHandler            
00000b33  EUSCIA0_IRQHandler            
00000b53  EUSCIA2_IRQHandler            
00000b53  EUSCIA2_IRQHandler            
00000b7d  add_item_to_array             
00000c31  timer_a0_config               
00000c63  timer_a0_pwm_config           
00000c8b  pwm_up                        
00000cbf  pwm_down                      
00000cf3  TA0_0_IRQHandler              
00000cf3  TA0_0_IRQHandler              
00000cf9  systic_config                 
00000d49  __aeabi_memcpy                
00000d49  __aeabi_memcpy4               
00000d49  __aeabi_memcpy8               
00000d49  memcpy                        
00000de5  main                          
00000e59  __TI_decompress_lzss          
00000ec1  GPIO_Config                   
00000f25  __TI_auto_init_nobinit_nopinit
00000f69  _c_int00_noargs               
00000fa1  strlen                        
00000fb5  __TI_zero_init_nomemset       
00000fc7  __TI_decompress_none          
00000fd5  Reset_Handler                 
00000fe1  ADC14_IRQHandler              
00000fe1  AES256_IRQHandler             
00000fe1  BusFault_Handler              
00000fe1  COMP_E0_IRQHandler            
00000fe1  COMP_E1_IRQHandler            
00000fe1  CS_IRQHandler                 
00000fe1  DMA_ERR_IRQHandler            
00000fe1  DMA_INT0_IRQHandler           
00000fe1  DMA_INT1_IRQHandler           
00000fe1  DMA_INT2_IRQHandler           
00000fe1  DMA_INT3_IRQHandler           
00000fe1  DebugMon_Handler              
00000fe1  Default_Handler               
00000fe1  EUSCIA1_IRQHandler            
00000fe1  EUSCIA3_IRQHandler            
00000fe1  EUSCIB0_IRQHandler            
00000fe1  EUSCIB1_IRQHandler            
00000fe1  EUSCIB2_IRQHandler            
00000fe1  EUSCIB3_IRQHandler            
00000fe1  FLCTL_IRQHandler              
00000fe1  FPU_IRQHandler                
00000fe1  HardFault_Handler             
00000fe1  MemManage_Handler             
00000fe1  NMI_Handler                   
00000fe1  PCM_IRQHandler                
00000fe1  PORT1_IRQHandler              
00000fe1  PORT2_IRQHandler              
00000fe1  PORT3_IRQHandler              
00000fe1  PORT4_IRQHandler              
00000fe1  PORT5_IRQHandler              
00000fe1  PORT6_IRQHandler              
00000fe1  PSS_IRQHandler                
00000fe1  PendSV_Handler                
00000fe1  RTC_C_IRQHandler              
00000fe1  SVC_Handler                   
00000fe1  SysTick_Handler               
00000fe1  T32_INT1_IRQHandler           
00000fe1  T32_INT2_IRQHandler           
00000fe1  T32_INTC_IRQHandler           
00000fe1  TA0_N_IRQHandler              
00000fe1  TA1_0_IRQHandler              
00000fe1  TA1_N_IRQHandler              
00000fe1  TA2_0_IRQHandler              
00000fe1  TA2_N_IRQHandler              
00000fe1  TA3_0_IRQHandler              
00000fe1  TA3_N_IRQHandler              
00000fe1  UsageFault_Handler            
00000fe1  WDT_A_IRQHandler              
00000fe3  _system_pre_init              
00000fe7  C$$EXIT                       
00000fe7  abort                         
00001028  __TI_Handler_Table_Base       
00001034  __TI_Handler_Table_Limit      
00001040  __TI_CINIT_Base               
00001050  __TI_CINIT_Limit              
20000000  data_array                    
20000040  data                          
20000044  master                        
20000054  user_1                        
20000064  user_2                        
20000074  cardDetect                    
20000078  SystemCoreClock               
2000007c  enable                        
2000007d  toggle                        
2000007e  response                      
2000007f  index                         
20000080  status                        
2000fe00  __stack                       
20010000  __STACK_END                   
4000480c  WDTCTL_SYM                    
ffffffff  __TI_pprof_out_hndl           
ffffffff  __TI_prof_data_size           
ffffffff  __TI_prof_data_start          
ffffffff  __binit__                     
ffffffff  __c_args__                    
ffffffff  binit                         
UNDEFED   __mpu_init                    
UNDEFED   _system_post_cinit            

[113 symbols]
