******************************************************************************
                  TI ARM Linker PC v18.1.1                     
******************************************************************************
>> Linked Tue May  1 10:59:14 2018

OUTPUT FILE NAME:   <DDL Project.out>
ENTRY POINT SYMBOL: "_c_int00_noargs"  address: 00000bb9


MEMORY CONFIGURATION

         name            origin    length      used     unused   attr    fill
----------------------  --------  ---------  --------  --------  ----  --------
  MAIN                  00000000   00040000  00000c92  0003f36e  R  X
  INFO                  00200000   00004000  00000000  00004000  R  X
  SRAM_CODE             01000000   00010000  0000027b  0000fd85  RW X
  SRAM_DATA             20000000   00010000  0000027b  0000fd85  RW  


SEGMENT ALLOCATION MAP

run origin  load origin   length   init length attrs members
----------  ----------- ---------- ----------- ----- -------
00000000    00000000    00000c98   00000c98    r-x
  00000000    00000000    000000e4   000000e4    r-- .intvecs
  000000e4    000000e4    00000b56   00000b56    r-x .text
  00000c40    00000c40    00000058   00000058    r-- .cinit
20000000    20000000    0000007e   00000000    rw-
  20000000    20000000    00000041   00000000    rw- .bss
  20000044    20000044    0000003a   00000000    rw- .data
2000fe00    2000fe00    00000200   00000000    rw-
  2000fe00    2000fe00    00000200   00000000    rw- .stack


SECTION ALLOCATION MAP

 output                                  attributes/
section   page    origin      length       input sections
--------  ----  ----------  ----------   ----------------
.intvecs   0    00000000    000000e4     
                  00000000    000000e4     startup_msp432p401r_ccs.obj (.intvecs:retain)

.text      0    000000e4    00000b56     
                  000000e4    00000334     system_msp432p401r.obj (.text)
                  00000418    00000260     uart.obj (.text)
                  00000678    000001ec     Decoder.obj (.text)
                  00000864    00000134     timer.obj (.text)
                  00000998    0000009c     rtsv7M4_T_le_v4SPD16_eabi.lib : memcpy_t2.asm.obj (.text)
                  00000a34    00000074     main.obj (.text)
                  00000aa8    00000068     rtsv7M4_T_le_v4SPD16_eabi.lib : copy_decompress_lzss.c.obj (.text:decompress:lzss:__TI_decompress_lzss)
                  00000b10    00000064     GPIO.obj (.text)
                  00000b74    00000044     rtsv7M4_T_le_v4SPD16_eabi.lib : autoinit.c.obj (.text:__TI_auto_init_nobinit_nopinit:__TI_auto_init_nobinit_nopinit)
                  00000bb8    00000038                                   : boot_cortex_m.c.obj (.text:_c_int00_noargs:_c_int00_noargs)
                  00000bf0    00000014                                   : strlen.c.obj (.text:strlen)
                  00000c04    00000012                                   : copy_zero_init.c.obj (.text:decompress:ZI:__TI_zero_init_nomemset:__TI_zero_init_nomemset)
                  00000c16    0000000e                                   : copy_decompress_none.c.obj (.text:decompress:none:__TI_decompress_none)
                  00000c24    0000000e     startup_msp432p401r_ccs.obj (.text)
                  00000c32    00000004     rtsv7M4_T_le_v4SPD16_eabi.lib : pre_init.c.obj (.text:_system_pre_init)
                  00000c36    00000004                                   : exit.c.obj (.text:abort:abort)

.cinit     0    00000c40    00000058     
                  00000c40    00000032     (.cinit..data.load) [load image, compression = lzss]
                  00000c72    00000002     --HOLE-- [fill = 0]
                  00000c74    0000000c     (__TI_handler_table)
                  00000c80    00000008     (.cinit..bss.load) [load image, compression = zero_init]
                  00000c88    00000010     (__TI_cinit_table)

.init_array 
*          0    00000000    00000000     UNINITIALIZED

.binit     0    00000000    00000000     

.bss       0    20000000    00000041     UNINITIALIZED
                  20000000    00000040     (.common:data_array)
                  20000040    00000001     (.common:data)

.data      0    20000044    0000003a     UNINITIALIZED
                  20000044    00000010     Decoder.obj (.data:master)
                  20000054    00000010     Decoder.obj (.data:user_1)
                  20000064    00000010     Decoder.obj (.data:user_2)
                  20000074    00000004     main.obj (.data)
                  20000078    00000004     system_msp432p401r.obj (.data)
                  2000007c    00000001     Decoder.obj (.data)
                  2000007d    00000001     uart.obj (.data)

.stack     0    2000fe00    00000200     UNINITIALIZED
                  2000fe00    00000004     rtsv7M4_T_le_v4SPD16_eabi.lib : boot_cortex_m.c.obj (.stack)
                  2000fe04    000001fc     --HOLE--

MODULE SUMMARY

       Module                        code   ro data   rw data
       ------                        ----   -------   -------
    .\
       system_msp432p401r.obj        820    0         8      
       uart.obj                      608    0         132    
       Decoder.obj                   492    0         98     
       timer.obj                     308    0         0      
       startup_msp432p401r_ccs.obj   14     228       0      
       main.obj                      116    0         8      
       GPIO.obj                      100    0         0      
    +--+-----------------------------+------+---------+---------+
       Total:                        2458   228       246    
                                                             
    E:\ccs\ccsv8\tools\compiler\ti-cgt-arm_18.1.1.LTS\lib\rtsv7M4_T_le_v4SPD16_eabi.lib
       memcpy_t2.asm.obj             156    0         0      
       copy_decompress_lzss.c.obj    104    0         0      
       autoinit.c.obj                68     0         0      
       boot_cortex_m.c.obj           56     0         0      
       strlen.c.obj                  20     0         0      
       copy_zero_init.c.obj          18     0         0      
       copy_decompress_none.c.obj    14     0         0      
       exit.c.obj                    4      0         0      
       pre_init.c.obj                4      0         0      
    +--+-----------------------------+------+---------+---------+
       Total:                        444    0         0      
                                                             
       Stack:                        0      0         1024   
       Linker Generated:             0      86        0      
    +--+-----------------------------+------+---------+---------+
       Grand Total:                  2902   314       1270   


LINKER GENERATED COPY TABLES

__TI_cinit_table @ 00000c88 records: 2, size/record: 8, table size: 16
	.data: load addr=00000c40, load size=00000032 bytes, run addr=20000044, run size=0000003a bytes, compression=lzss
	.bss: load addr=00000c80, load size=00000008 bytes, run addr=20000000, run size=00000041 bytes, compression=zero_init


LINKER GENERATED HANDLER TABLE

__TI_handler_table @ 00000c74 records: 3, size/record: 4, table size: 12
	index: 0, handler: __TI_decompress_lzss
	index: 1, handler: __TI_decompress_none
	index: 2, handler: __TI_zero_init


GLOBAL SYMBOLS: SORTED ALPHABETICALLY BY Name 

address   name                          
-------   ----                          
00000c31  ADC14_IRQHandler              
00000c31  AES256_IRQHandler             
00000c31  BusFault_Handler              
00000c37  C$$EXIT                       
00000c31  COMP_E0_IRQHandler            
00000c31  COMP_E1_IRQHandler            
00000c31  CS_IRQHandler                 
00000c31  DMA_ERR_IRQHandler            
00000c31  DMA_INT0_IRQHandler           
00000c31  DMA_INT1_IRQHandler           
00000c31  DMA_INT2_IRQHandler           
00000c31  DMA_INT3_IRQHandler           
00000c31  DebugMon_Handler              
00000c31  Default_Handler               
00000c31  EUSCIA0_IRQHandler            
00000c31  EUSCIA1_IRQHandler            
000005cf  EUSCIA2_IRQHandler            
000005cf  EUSCIA2_IRQHandler            
00000c31  EUSCIA3_IRQHandler            
00000c31  EUSCIB0_IRQHandler            
00000c31  EUSCIB1_IRQHandler            
00000c31  EUSCIB2_IRQHandler            
00000c31  EUSCIB3_IRQHandler            
00000c31  FLCTL_IRQHandler              
00000c31  FPU_IRQHandler                
00000b11  GPIO_Config                   
00000c31  HardFault_Handler             
00000c31  MemManage_Handler             
00000c31  NMI_Handler                   
00000c31  PCM_IRQHandler                
00000c31  PORT1_IRQHandler              
00000c31  PORT2_IRQHandler              
00000c31  PORT3_IRQHandler              
00000c31  PORT4_IRQHandler              
00000c31  PORT5_IRQHandler              
00000c31  PORT6_IRQHandler              
00000c31  PSS_IRQHandler                
00000c31  PendSV_Handler                
00000c31  RTC_C_IRQHandler              
00000c25  Reset_Handler                 
00000c31  SVC_Handler                   
00000c31  SysTick_Handler               
20000078  SystemCoreClock               
000000e5  SystemCoreClockUpdate         
0000035d  SystemInit                    
00000c31  T32_INT1_IRQHandler           
00000c31  T32_INT2_IRQHandler           
00000c31  T32_INTC_IRQHandler           
00000947  TA0_0_IRQHandler              
00000947  TA0_0_IRQHandler              
00000c31  TA0_N_IRQHandler              
00000c31  TA1_0_IRQHandler              
00000c31  TA1_N_IRQHandler              
00000c31  TA2_0_IRQHandler              
00000c31  TA2_N_IRQHandler              
00000c31  TA3_0_IRQHandler              
00000c31  TA3_N_IRQHandler              
000004d3  UART_Config_UCA0              
00000445  UART_Config_UCA2              
000005b3  UART_send_byte                
00000561  UART_send_n                   
00000c31  UsageFault_Handler            
4000480c  WDTCTL_SYM                    
00000c31  WDT_A_IRQHandler              
20010000  __STACK_END                   
00000200  __STACK_SIZE                  
00000c88  __TI_CINIT_Base               
00000c98  __TI_CINIT_Limit              
00000c74  __TI_Handler_Table_Base       
00000c80  __TI_Handler_Table_Limit      
00000b75  __TI_auto_init_nobinit_nopinit
00000aa9  __TI_decompress_lzss          
00000c17  __TI_decompress_none          
ffffffff  __TI_pprof_out_hndl           
ffffffff  __TI_prof_data_size           
ffffffff  __TI_prof_data_start          
00000000  __TI_static_base__            
00000c05  __TI_zero_init_nomemset       
00000999  __aeabi_memcpy                
00000999  __aeabi_memcpy4               
00000999  __aeabi_memcpy8               
ffffffff  __binit__                     
ffffffff  __c_args__                    
UNDEFED   __mpu_init                    
2000fe00  __stack                       
00000bb9  _c_int00_noargs               
UNDEFED   _system_post_cinit            
00000c33  _system_pre_init              
00000c37  abort                         
000005f9  add_item_to_array             
ffffffff  binit                         
20000074  cardDetect                    
20000040  data                          
20000000  data_array                    
00000679  decoder                       
2000007d  index                         
00000000  interruptVectors              
00000a35  main                          
20000044  master                        
00000999  memcpy                        
00000919  pwm_down                      
000008eb  pwm_up                        
00000bf1  strlen                        
0000094d  systic_config                 
00000891  timer_a0_config               
000008c3  timer_a0_pwm_config           
2000007c  toggle                        
20000054  user_1                        
20000064  user_2                        


GLOBAL SYMBOLS: SORTED BY Symbol Address 

address   name                          
-------   ----                          
00000000  __TI_static_base__            
00000000  interruptVectors              
000000e5  SystemCoreClockUpdate         
00000200  __STACK_SIZE                  
0000035d  SystemInit                    
00000445  UART_Config_UCA2              
000004d3  UART_Config_UCA0              
00000561  UART_send_n                   
000005b3  UART_send_byte                
000005cf  EUSCIA2_IRQHandler            
000005cf  EUSCIA2_IRQHandler            
000005f9  add_item_to_array             
00000679  decoder                       
00000891  timer_a0_config               
000008c3  timer_a0_pwm_config           
000008eb  pwm_up                        
00000919  pwm_down                      
00000947  TA0_0_IRQHandler              
00000947  TA0_0_IRQHandler              
0000094d  systic_config                 
00000999  __aeabi_memcpy                
00000999  __aeabi_memcpy4               
00000999  __aeabi_memcpy8               
00000999  memcpy                        
00000a35  main                          
00000aa9  __TI_decompress_lzss          
00000b11  GPIO_Config                   
00000b75  __TI_auto_init_nobinit_nopinit
00000bb9  _c_int00_noargs               
00000bf1  strlen                        
00000c05  __TI_zero_init_nomemset       
00000c17  __TI_decompress_none          
00000c25  Reset_Handler                 
00000c31  ADC14_IRQHandler              
00000c31  AES256_IRQHandler             
00000c31  BusFault_Handler              
00000c31  COMP_E0_IRQHandler            
00000c31  COMP_E1_IRQHandler            
00000c31  CS_IRQHandler                 
00000c31  DMA_ERR_IRQHandler            
00000c31  DMA_INT0_IRQHandler           
00000c31  DMA_INT1_IRQHandler           
00000c31  DMA_INT2_IRQHandler           
00000c31  DMA_INT3_IRQHandler           
00000c31  DebugMon_Handler              
00000c31  Default_Handler               
00000c31  EUSCIA0_IRQHandler            
00000c31  EUSCIA1_IRQHandler            
00000c31  EUSCIA3_IRQHandler            
00000c31  EUSCIB0_IRQHandler            
00000c31  EUSCIB1_IRQHandler            
00000c31  EUSCIB2_IRQHandler            
00000c31  EUSCIB3_IRQHandler            
00000c31  FLCTL_IRQHandler              
00000c31  FPU_IRQHandler                
00000c31  HardFault_Handler             
00000c31  MemManage_Handler             
00000c31  NMI_Handler                   
00000c31  PCM_IRQHandler                
00000c31  PORT1_IRQHandler              
00000c31  PORT2_IRQHandler              
00000c31  PORT3_IRQHandler              
00000c31  PORT4_IRQHandler              
00000c31  PORT5_IRQHandler              
00000c31  PORT6_IRQHandler              
00000c31  PSS_IRQHandler                
00000c31  PendSV_Handler                
00000c31  RTC_C_IRQHandler              
00000c31  SVC_Handler                   
00000c31  SysTick_Handler               
00000c31  T32_INT1_IRQHandler           
00000c31  T32_INT2_IRQHandler           
00000c31  T32_INTC_IRQHandler           
00000c31  TA0_N_IRQHandler              
00000c31  TA1_0_IRQHandler              
00000c31  TA1_N_IRQHandler              
00000c31  TA2_0_IRQHandler              
00000c31  TA2_N_IRQHandler              
00000c31  TA3_0_IRQHandler              
00000c31  TA3_N_IRQHandler              
00000c31  UsageFault_Handler            
00000c31  WDT_A_IRQHandler              
00000c33  _system_pre_init              
00000c37  C$$EXIT                       
00000c37  abort                         
00000c74  __TI_Handler_Table_Base       
00000c80  __TI_Handler_Table_Limit      
00000c88  __TI_CINIT_Base               
00000c98  __TI_CINIT_Limit              
20000000  data_array                    
20000040  data                          
20000044  master                        
20000054  user_1                        
20000064  user_2                        
20000074  cardDetect                    
20000078  SystemCoreClock               
2000007c  toggle                        
2000007d  index                         
2000fe00  __stack                       
20010000  __STACK_END                   
4000480c  WDTCTL_SYM                    
ffffffff  __TI_pprof_out_hndl           
ffffffff  __TI_prof_data_size           
ffffffff  __TI_prof_data_start          
ffffffff  __binit__                     
ffffffff  __c_args__                    
ffffffff  binit                         
UNDEFED   __mpu_init                    
UNDEFED   _system_post_cinit            

[109 symbols]
