******************************************************************************
                  TI ARM Linker PC v18.1.1                     
******************************************************************************
>> Linked Tue May  1 11:55:53 2018

OUTPUT FILE NAME:   <DDL Project.out>
ENTRY POINT SYMBOL: "_c_int00_noargs"  address: 00000e99


MEMORY CONFIGURATION

         name            origin    length      used     unused   attr    fill
----------------------  --------  ---------  --------  --------  ----  --------
  MAIN                  00000000   00040000  00000f72  0003f08e  R  X
  INFO                  00200000   00004000  00000000  00004000  R  X
  SRAM_CODE             01000000   00010000  0000027e  0000fd82  RW X
  SRAM_DATA             20000000   00010000  0000027e  0000fd82  RW  


SEGMENT ALLOCATION MAP

run origin  load origin   length   init length attrs members
----------  ----------- ---------- ----------- ----- -------
00000000    00000000    00000f78   00000f78    r-x
  00000000    00000000    000000e4   000000e4    r-- .intvecs
  000000e4    000000e4    00000e36   00000e36    r-x .text
  00000f20    00000f20    00000058   00000058    r-- .cinit
20000000    20000000    00000080   00000000    rw-
  20000000    20000000    00000042   00000000    rw- .bss
  20000044    20000044    0000003c   00000000    rw- .data
2000fe00    2000fe00    00000200   00000000    rw-
  2000fe00    2000fe00    00000200   00000000    rw- .stack


SECTION ALLOCATION MAP

 output                                  attributes/
section   page    origin      length       input sections
--------  ----  ----------  ----------   ----------------
.intvecs   0    00000000    000000e4     
                  00000000    000000e4     startup_msp432p401r_ccs.obj (.intvecs:retain)

.text      0    000000e4    00000e36     
                  000000e4    00000494     Decoder.obj (.text)
                  00000578    00000334     system_msp432p401r.obj (.text)
                  000008ac    00000288     uart.obj (.text)
                  00000b34    00000144     timer.obj (.text)
                  00000c78    0000009c     rtsv7M4_T_le_v4SPD16_eabi.lib : memcpy_t2.asm.obj (.text)
                  00000d14    00000074     main.obj (.text)
                  00000d88    00000068     rtsv7M4_T_le_v4SPD16_eabi.lib : copy_decompress_lzss.c.obj (.text:decompress:lzss:__TI_decompress_lzss)
                  00000df0    00000064     GPIO.obj (.text)
                  00000e54    00000044     rtsv7M4_T_le_v4SPD16_eabi.lib : autoinit.c.obj (.text:__TI_auto_init_nobinit_nopinit:__TI_auto_init_nobinit_nopinit)
                  00000e98    00000038                                   : boot_cortex_m.c.obj (.text:_c_int00_noargs:_c_int00_noargs)
                  00000ed0    00000014                                   : strlen.c.obj (.text:strlen)
                  00000ee4    00000012                                   : copy_zero_init.c.obj (.text:decompress:ZI:__TI_zero_init_nomemset:__TI_zero_init_nomemset)
                  00000ef6    0000000e                                   : copy_decompress_none.c.obj (.text:decompress:none:__TI_decompress_none)
                  00000f04    0000000e     startup_msp432p401r_ccs.obj (.text)
                  00000f12    00000004     rtsv7M4_T_le_v4SPD16_eabi.lib : pre_init.c.obj (.text:_system_pre_init)
                  00000f16    00000004                                   : exit.c.obj (.text:abort:abort)

.cinit     0    00000f20    00000058     
                  00000f20    00000034     (.cinit..data.load) [load image, compression = lzss]
                  00000f54    0000000c     (__TI_handler_table)
                  00000f60    00000008     (.cinit..bss.load) [load image, compression = zero_init]
                  00000f68    00000010     (__TI_cinit_table)

.init_array 
*          0    00000000    00000000     UNINITIALIZED

.binit     0    00000000    00000000     

.bss       0    20000000    00000042     UNINITIALIZED
                  20000000    00000040     (.common:data_array)
                  20000040    00000001     (.common:data)
                  20000041    00000001     (.common:response)

.data      0    20000044    0000003c     UNINITIALIZED
                  20000044    00000010     Decoder.obj (.data:master)
                  20000054    00000010     Decoder.obj (.data:user_1)
                  20000064    00000010     Decoder.obj (.data:user_2)
                  20000074    00000004     main.obj (.data)
                  20000078    00000004     system_msp432p401r.obj (.data)
                  2000007c    00000002     Decoder.obj (.data)
                  2000007e    00000001     timer.obj (.data)
                  2000007f    00000001     uart.obj (.data)

.stack     0    2000fe00    00000200     UNINITIALIZED
                  2000fe00    00000004     rtsv7M4_T_le_v4SPD16_eabi.lib : boot_cortex_m.c.obj (.stack)
                  2000fe04    000001fc     --HOLE--

MODULE SUMMARY

       Module                        code   ro data   rw data
       ------                        ----   -------   -------
    .\
       Decoder.obj                   1172   0         100    
       system_msp432p401r.obj        820    0         8      
       uart.obj                      648    0         134    
       timer.obj                     324    0         2      
       startup_msp432p401r_ccs.obj   14     228       0      
       main.obj                      116    0         8      
       GPIO.obj                      100    0         0      
    +--+-----------------------------+------+---------+---------+
       Total:                        3194   228       252    
                                                             
    E:\ccs\ccsv8\tools\compiler\ti-cgt-arm_18.1.1.LTS\lib\rtsv7M4_T_le_v4SPD16_eabi.lib
       memcpy_t2.asm.obj             156    0         0      
       copy_decompress_lzss.c.obj    104    0         0      
       autoinit.c.obj                68     0         0      
       boot_cortex_m.c.obj           56     0         0      
       strlen.c.obj                  20     0         0      
       copy_zero_init.c.obj          18     0         0      
       copy_decompress_none.c.obj    14     0         0      
       exit.c.obj                    4      0         0      
       pre_init.c.obj                4      0         0      
    +--+-----------------------------+------+---------+---------+
       Total:                        444    0         0      
                                                             
       Stack:                        0      0         1024   
       Linker Generated:             0      88        0      
    +--+-----------------------------+------+---------+---------+
       Grand Total:                  3638   316       1276   


LINKER GENERATED COPY TABLES

__TI_cinit_table @ 00000f68 records: 2, size/record: 8, table size: 16
	.data: load addr=00000f20, load size=00000034 bytes, run addr=20000044, run size=0000003c bytes, compression=lzss
	.bss: load addr=00000f60, load size=00000008 bytes, run addr=20000000, run size=00000042 bytes, compression=zero_init


LINKER GENERATED HANDLER TABLE

__TI_handler_table @ 00000f54 records: 3, size/record: 4, table size: 12
	index: 0, handler: __TI_decompress_lzss
	index: 1, handler: __TI_decompress_none
	index: 2, handler: __TI_zero_init


GLOBAL SYMBOLS: SORTED ALPHABETICALLY BY Name 

address   name                          
-------   ----                          
00000f11  ADC14_IRQHandler              
00000f11  AES256_IRQHandler             
00000f11  BusFault_Handler              
00000f17  C$$EXIT                       
00000f11  COMP_E0_IRQHandler            
00000f11  COMP_E1_IRQHandler            
00000f11  CS_IRQHandler                 
00000f11  DMA_ERR_IRQHandler            
00000f11  DMA_INT0_IRQHandler           
00000f11  DMA_INT1_IRQHandler           
00000f11  DMA_INT2_IRQHandler           
00000f11  DMA_INT3_IRQHandler           
00000f11  DebugMon_Handler              
00000f11  Default_Handler               
00000a63  EUSCIA0_IRQHandler            
00000a63  EUSCIA0_IRQHandler            
00000f11  EUSCIA1_IRQHandler            
00000a83  EUSCIA2_IRQHandler            
00000a83  EUSCIA2_IRQHandler            
00000f11  EUSCIA3_IRQHandler            
00000f11  EUSCIB0_IRQHandler            
00000f11  EUSCIB1_IRQHandler            
00000f11  EUSCIB2_IRQHandler            
00000f11  EUSCIB3_IRQHandler            
00000f11  FLCTL_IRQHandler              
00000f11  FPU_IRQHandler                
00000df1  GPIO_Config                   
00000f11  HardFault_Handler             
00000f11  MemManage_Handler             
00000f11  NMI_Handler                   
00000f11  PCM_IRQHandler                
00000f11  PORT1_IRQHandler              
00000f11  PORT2_IRQHandler              
00000f11  PORT3_IRQHandler              
00000f11  PORT4_IRQHandler              
00000f11  PORT5_IRQHandler              
00000f11  PORT6_IRQHandler              
00000f11  PSS_IRQHandler                
00000f11  PendSV_Handler                
00000f11  RTC_C_IRQHandler              
00000f05  Reset_Handler                 
00000f11  SVC_Handler                   
00000f11  SysTick_Handler               
20000078  SystemCoreClock               
00000579  SystemCoreClockUpdate         
000007f1  SystemInit                    
00000f11  T32_INT1_IRQHandler           
00000f11  T32_INT2_IRQHandler           
00000f11  T32_INTC_IRQHandler           
00000c23  TA0_0_IRQHandler              
00000c23  TA0_0_IRQHandler              
00000f11  TA0_N_IRQHandler              
00000f11  TA1_0_IRQHandler              
00000f11  TA1_N_IRQHandler              
00000f11  TA2_0_IRQHandler              
00000f11  TA2_N_IRQHandler              
00000f11  TA3_0_IRQHandler              
00000f11  TA3_N_IRQHandler              
00000967  UART_Config_UCA0              
000008d9  UART_Config_UCA2              
00000a47  UART_send_byte                
000009f5  UART_send_n                   
00000f11  UsageFault_Handler            
4000480c  WDTCTL_SYM                    
00000f11  WDT_A_IRQHandler              
20010000  __STACK_END                   
00000200  __STACK_SIZE                  
00000f68  __TI_CINIT_Base               
00000f78  __TI_CINIT_Limit              
00000f54  __TI_Handler_Table_Base       
00000f60  __TI_Handler_Table_Limit      
00000e55  __TI_auto_init_nobinit_nopinit
00000d89  __TI_decompress_lzss          
00000ef7  __TI_decompress_none          
ffffffff  __TI_pprof_out_hndl           
ffffffff  __TI_prof_data_size           
ffffffff  __TI_prof_data_start          
00000000  __TI_static_base__            
00000ee5  __TI_zero_init_nomemset       
00000c79  __aeabi_memcpy                
00000c79  __aeabi_memcpy4               
00000c79  __aeabi_memcpy8               
ffffffff  __binit__                     
ffffffff  __c_args__                    
UNDEFED   __mpu_init                    
2000fe00  __stack                       
00000e99  _c_int00_noargs               
UNDEFED   _system_post_cinit            
00000f13  _system_pre_init              
00000f17  abort                         
00000aad  add_item_to_array             
ffffffff  binit                         
20000074  cardDetect                    
20000040  data                          
20000000  data_array                    
000000e5  decoder                       
2000007c  enable                        
2000007f  index                         
00000000  interruptVectors              
00000d15  main                          
20000044  master                        
00000c79  memcpy                        
00000bef  pwm_down                      
00000bbb  pwm_up                        
20000041  response                      
2000007e  status                        
00000ed1  strlen                        
00000c29  systic_config                 
00000b61  timer_a0_config               
00000b93  timer_a0_pwm_config           
2000007d  toggle                        
20000054  user_1                        
20000064  user_2                        


GLOBAL SYMBOLS: SORTED BY Symbol Address 

address   name                          
-------   ----                          
00000000  __TI_static_base__            
00000000  interruptVectors              
000000e5  decoder                       
00000200  __STACK_SIZE                  
00000579  SystemCoreClockUpdate         
000007f1  SystemInit                    
000008d9  UART_Config_UCA2              
00000967  UART_Config_UCA0              
000009f5  UART_send_n                   
00000a47  UART_send_byte                
00000a63  EUSCIA0_IRQHandler            
00000a63  EUSCIA0_IRQHandler            
00000a83  EUSCIA2_IRQHandler            
00000a83  EUSCIA2_IRQHandler            
00000aad  add_item_to_array             
00000b61  timer_a0_config               
00000b93  timer_a0_pwm_config           
00000bbb  pwm_up                        
00000bef  pwm_down                      
00000c23  TA0_0_IRQHandler              
00000c23  TA0_0_IRQHandler              
00000c29  systic_config                 
00000c79  __aeabi_memcpy                
00000c79  __aeabi_memcpy4               
00000c79  __aeabi_memcpy8               
00000c79  memcpy                        
00000d15  main                          
00000d89  __TI_decompress_lzss          
00000df1  GPIO_Config                   
00000e55  __TI_auto_init_nobinit_nopinit
00000e99  _c_int00_noargs               
00000ed1  strlen                        
00000ee5  __TI_zero_init_nomemset       
00000ef7  __TI_decompress_none          
00000f05  Reset_Handler                 
00000f11  ADC14_IRQHandler              
00000f11  AES256_IRQHandler             
00000f11  BusFault_Handler              
00000f11  COMP_E0_IRQHandler            
00000f11  COMP_E1_IRQHandler            
00000f11  CS_IRQHandler                 
00000f11  DMA_ERR_IRQHandler            
00000f11  DMA_INT0_IRQHandler           
00000f11  DMA_INT1_IRQHandler           
00000f11  DMA_INT2_IRQHandler           
00000f11  DMA_INT3_IRQHandler           
00000f11  DebugMon_Handler              
00000f11  Default_Handler               
00000f11  EUSCIA1_IRQHandler            
00000f11  EUSCIA3_IRQHandler            
00000f11  EUSCIB0_IRQHandler            
00000f11  EUSCIB1_IRQHandler            
00000f11  EUSCIB2_IRQHandler            
00000f11  EUSCIB3_IRQHandler            
00000f11  FLCTL_IRQHandler              
00000f11  FPU_IRQHandler                
00000f11  HardFault_Handler             
00000f11  MemManage_Handler             
00000f11  NMI_Handler                   
00000f11  PCM_IRQHandler                
00000f11  PORT1_IRQHandler              
00000f11  PORT2_IRQHandler              
00000f11  PORT3_IRQHandler              
00000f11  PORT4_IRQHandler              
00000f11  PORT5_IRQHandler              
00000f11  PORT6_IRQHandler              
00000f11  PSS_IRQHandler                
00000f11  PendSV_Handler                
00000f11  RTC_C_IRQHandler              
00000f11  SVC_Handler                   
00000f11  SysTick_Handler               
00000f11  T32_INT1_IRQHandler           
00000f11  T32_INT2_IRQHandler           
00000f11  T32_INTC_IRQHandler           
00000f11  TA0_N_IRQHandler              
00000f11  TA1_0_IRQHandler              
00000f11  TA1_N_IRQHandler              
00000f11  TA2_0_IRQHandler              
00000f11  TA2_N_IRQHandler              
00000f11  TA3_0_IRQHandler              
00000f11  TA3_N_IRQHandler              
00000f11  UsageFault_Handler            
00000f11  WDT_A_IRQHandler              
00000f13  _system_pre_init              
00000f17  C$$EXIT                       
00000f17  abort                         
00000f54  __TI_Handler_Table_Base       
00000f60  __TI_Handler_Table_Limit      
00000f68  __TI_CINIT_Base               
00000f78  __TI_CINIT_Limit              
20000000  data_array                    
20000040  data                          
20000041  response                      
20000044  master                        
20000054  user_1                        
20000064  user_2                        
20000074  cardDetect                    
20000078  SystemCoreClock               
2000007c  enable                        
2000007d  toggle                        
2000007e  status                        
2000007f  index                         
2000fe00  __stack                       
20010000  __STACK_END                   
4000480c  WDTCTL_SYM                    
ffffffff  __TI_pprof_out_hndl           
ffffffff  __TI_prof_data_size           
ffffffff  __TI_prof_data_start          
ffffffff  __binit__                     
ffffffff  __c_args__                    
ffffffff  binit                         
UNDEFED   __mpu_init                    
UNDEFED   _system_post_cinit            

[113 symbols]
