******************************************************************************
                  TI ARM Linker PC v18.1.1                     
******************************************************************************
>> Linked Thu Apr 26 14:58:22 2018

OUTPUT FILE NAME:   <DDL Project.out>
ENTRY POINT SYMBOL: "_c_int00_noargs"  address: 00000985


MEMORY CONFIGURATION

         name            origin    length      used     unused   attr    fill
----------------------  --------  ---------  --------  --------  ----  --------
  MAIN                  00000000   00040000  00000a2a  0003f5d6  R  X
  INFO                  00200000   00004000  00000000  00004000  R  X
  SRAM_CODE             01000000   00010000  0000021a  0000fde6  RW X
  SRAM_DATA             20000000   00010000  0000021a  0000fde6  RW  


SEGMENT ALLOCATION MAP

run origin  load origin   length   init length attrs members
----------  ----------- ---------- ----------- ----- -------
00000000    00000000    00000a30   00000a30    r-x
  00000000    00000000    000000e4   000000e4    r-- .intvecs
  000000e4    000000e4    0000090e   0000090e    r-x .text
  000009f8    000009f8    00000038   00000038    r-- .cinit
20000000    20000000    0000001a   00000000    rw-
  20000000    20000000    00000010   00000000    rw- .data
  20000010    20000010    0000000a   00000000    rw- .bss
2000fe00    2000fe00    00000200   00000000    rw-
  2000fe00    2000fe00    00000200   00000000    rw- .stack


SECTION ALLOCATION MAP

 output                                  attributes/
section   page    origin      length       input sections
--------  ----  ----------  ----------   ----------------
.intvecs   0    00000000    000000e4     
                  00000000    000000e4     startup_msp432p401r_ccs.obj (.intvecs:retain)

.text      0    000000e4    0000090e     
                  000000e4    00000334     system_msp432p401r.obj (.text)
                  00000418    0000024c     uart.obj (.text)
                  00000664    000000a4     timer.obj (.text)
                  00000708    0000009c     rtsv7M4_T_le_v4SPD16_eabi.lib : memcpy_t2.asm.obj (.text)
                  000007a4    00000084     Decoder.obj (.text)
                  00000828    00000074     main.obj (.text)
                  0000089c    00000068     rtsv7M4_T_le_v4SPD16_eabi.lib : copy_decompress_lzss.c.obj (.text:decompress:lzss:__TI_decompress_lzss)
                  00000904    00000044                                   : autoinit.c.obj (.text:__TI_auto_init_nobinit_nopinit:__TI_auto_init_nobinit_nopinit)
                  00000948    0000003c     GPIO.obj (.text)
                  00000984    00000038     rtsv7M4_T_le_v4SPD16_eabi.lib : boot_cortex_m.c.obj (.text:_c_int00_noargs:_c_int00_noargs)
                  000009bc    00000012                                   : copy_zero_init.c.obj (.text:decompress:ZI:__TI_zero_init_nomemset:__TI_zero_init_nomemset)
                  000009ce    0000000e                                   : copy_decompress_none.c.obj (.text:decompress:none:__TI_decompress_none)
                  000009dc    0000000e     startup_msp432p401r_ccs.obj (.text)
                  000009ea    00000004     rtsv7M4_T_le_v4SPD16_eabi.lib : pre_init.c.obj (.text:_system_pre_init)
                  000009ee    00000004                                   : exit.c.obj (.text:abort:abort)

.cinit     0    000009f8    00000038     
                  000009f8    00000012     (.cinit..data.load) [load image, compression = lzss]
                  00000a0a    00000002     --HOLE-- [fill = 0]
                  00000a0c    0000000c     (__TI_handler_table)
                  00000a18    00000008     (.cinit..bss.load) [load image, compression = zero_init]
                  00000a20    00000010     (__TI_cinit_table)

.init_array 
*          0    00000000    00000000     UNINITIALIZED

.binit     0    00000000    00000000     

.data      0    20000000    00000010     UNINITIALIZED
                  20000000    00000006     Decoder.obj (.data:data_1)
                  20000006    00000001     Decoder.obj (.data)
                  20000007    00000001     uart.obj (.data)
                  20000008    00000004     main.obj (.data)
                  2000000c    00000004     system_msp432p401r.obj (.data)

.bss       0    20000010    0000000a     UNINITIALIZED
                  20000010    00000008     (.common:data_array)
                  20000018    00000001     (.common:data)
                  20000019    00000001     (.common:j)

.stack     0    2000fe00    00000200     UNINITIALIZED
                  2000fe00    00000004     rtsv7M4_T_le_v4SPD16_eabi.lib : boot_cortex_m.c.obj (.stack)
                  2000fe04    000001fc     --HOLE--

MODULE SUMMARY

       Module                        code   ro data   rw data
       ------                        ----   -------   -------
    .\
       system_msp432p401r.obj        820    0         8      
       uart.obj                      588    0         20     
       startup_msp432p401r_ccs.obj   14     228       0      
       timer.obj                     164    0         0      
       Decoder.obj                   132    0         16     
       main.obj                      116    0         8      
       GPIO.obj                      60     0         0      
    +--+-----------------------------+------+---------+---------+
       Total:                        1894   228       52     
                                                             
    E:\ccs\ccsv8\tools\compiler\ti-cgt-arm_18.1.1.LTS\lib\rtsv7M4_T_le_v4SPD16_eabi.lib
       memcpy_t2.asm.obj             156    0         0      
       copy_decompress_lzss.c.obj    104    0         0      
       autoinit.c.obj                68     0         0      
       boot_cortex_m.c.obj           56     0         0      
       copy_zero_init.c.obj          18     0         0      
       copy_decompress_none.c.obj    14     0         0      
       exit.c.obj                    4      0         0      
       pre_init.c.obj                4      0         0      
    +--+-----------------------------+------+---------+---------+
       Total:                        424    0         0      
                                                             
       Stack:                        0      0         1024   
       Linker Generated:             0      54        0      
    +--+-----------------------------+------+---------+---------+
       Grand Total:                  2318   282       1076   


LINKER GENERATED COPY TABLES

__TI_cinit_table @ 00000a20 records: 2, size/record: 8, table size: 16
	.data: load addr=000009f8, load size=00000012 bytes, run addr=20000000, run size=00000010 bytes, compression=lzss
	.bss: load addr=00000a18, load size=00000008 bytes, run addr=20000010, run size=0000000a bytes, compression=zero_init


LINKER GENERATED HANDLER TABLE

__TI_handler_table @ 00000a0c records: 3, size/record: 4, table size: 12
	index: 0, handler: __TI_decompress_lzss
	index: 1, handler: __TI_decompress_none
	index: 2, handler: __TI_zero_init


GLOBAL SYMBOLS: SORTED ALPHABETICALLY BY Name 

address   name                          
-------   ----                          
000009e9  ADC14_IRQHandler              
000009e9  AES256_IRQHandler             
000009e9  BusFault_Handler              
000009ef  C$$EXIT                       
000009e9  COMP_E0_IRQHandler            
000009e9  COMP_E1_IRQHandler            
000009e9  CS_IRQHandler                 
000009e9  DMA_ERR_IRQHandler            
000009e9  DMA_INT0_IRQHandler           
000009e9  DMA_INT1_IRQHandler           
000009e9  DMA_INT2_IRQHandler           
000009e9  DMA_INT3_IRQHandler           
000009e9  DebugMon_Handler              
000009e9  Default_Handler               
000009e9  EUSCIA0_IRQHandler            
000009e9  EUSCIA1_IRQHandler            
000005db  EUSCIA2_IRQHandler            
000005db  EUSCIA2_IRQHandler            
000009e9  EUSCIA3_IRQHandler            
000009e9  EUSCIB0_IRQHandler            
000009e9  EUSCIB1_IRQHandler            
000009e9  EUSCIB2_IRQHandler            
000009e9  EUSCIB3_IRQHandler            
000009e9  FLCTL_IRQHandler              
000009e9  FPU_IRQHandler                
00000949  GPIO_Config                   
000009e9  HardFault_Handler             
000009e9  MemManage_Handler             
000009e9  NMI_Handler                   
000009e9  PCM_IRQHandler                
000009e9  PORT1_IRQHandler              
000009e9  PORT2_IRQHandler              
000009e9  PORT3_IRQHandler              
000009e9  PORT4_IRQHandler              
000009e9  PORT5_IRQHandler              
000009e9  PORT6_IRQHandler              
000009e9  PSS_IRQHandler                
000009e9  PendSV_Handler                
000009e9  RTC_C_IRQHandler              
000009dd  Reset_Handler                 
000009e9  SVC_Handler                   
000009e9  SysTick_Handler               
2000000c  SystemCoreClock               
000000e5  SystemCoreClockUpdate         
0000035d  SystemInit                    
000009e9  T32_INT1_IRQHandler           
000009e9  T32_INT2_IRQHandler           
000009e9  T32_INTC_IRQHandler           
000006c3  TA0_0_IRQHandler              
000006c3  TA0_0_IRQHandler              
000009e9  TA0_N_IRQHandler              
000009e9  TA1_0_IRQHandler              
000009e9  TA1_N_IRQHandler              
000009e9  TA2_0_IRQHandler              
000009e9  TA2_N_IRQHandler              
000009e9  TA3_0_IRQHandler              
000009e9  TA3_N_IRQHandler              
000004d9  UART_Config_UCA0              
00000445  UART_Config_UCA2              
000005bf  UART_send_byte                
0000056d  UART_send_n                   
000009e9  UsageFault_Handler            
4000480c  WDTCTL_SYM                    
000009e9  WDT_A_IRQHandler              
20010000  __STACK_END                   
00000200  __STACK_SIZE                  
00000a20  __TI_CINIT_Base               
00000a30  __TI_CINIT_Limit              
00000a0c  __TI_Handler_Table_Base       
00000a18  __TI_Handler_Table_Limit      
00000905  __TI_auto_init_nobinit_nopinit
0000089d  __TI_decompress_lzss          
000009cf  __TI_decompress_none          
ffffffff  __TI_pprof_out_hndl           
ffffffff  __TI_prof_data_size           
ffffffff  __TI_prof_data_start          
00000000  __TI_static_base__            
000009bd  __TI_zero_init_nomemset       
00000709  __aeabi_memcpy                
00000709  __aeabi_memcpy4               
00000709  __aeabi_memcpy8               
ffffffff  __binit__                     
ffffffff  __c_args__                    
UNDEFED   __mpu_init                    
2000fe00  __stack                       
00000985  _c_int00_noargs               
UNDEFED   _system_post_cinit            
000009eb  _system_pre_init              
000009ef  abort                         
ffffffff  binit                         
20000008  cardDetect                    
20000018  data                          
20000000  data_1                        
20000010  data_array                    
000007a5  decoder                       
20000006  i                             
20000007  index                         
00000000  interruptVectors              
20000019  j                             
00000829  main                          
00000709  memcpy                        
000006c9  systic_config                 
00000691  timer_a0_config               


GLOBAL SYMBOLS: SORTED BY Symbol Address 

address   name                          
-------   ----                          
00000000  __TI_static_base__            
00000000  interruptVectors              
000000e5  SystemCoreClockUpdate         
00000200  __STACK_SIZE                  
0000035d  SystemInit                    
00000445  UART_Config_UCA2              
000004d9  UART_Config_UCA0              
0000056d  UART_send_n                   
000005bf  UART_send_byte                
000005db  EUSCIA2_IRQHandler            
000005db  EUSCIA2_IRQHandler            
00000691  timer_a0_config               
000006c3  TA0_0_IRQHandler              
000006c3  TA0_0_IRQHandler              
000006c9  systic_config                 
00000709  __aeabi_memcpy                
00000709  __aeabi_memcpy4               
00000709  __aeabi_memcpy8               
00000709  memcpy                        
000007a5  decoder                       
00000829  main                          
0000089d  __TI_decompress_lzss          
00000905  __TI_auto_init_nobinit_nopinit
00000949  GPIO_Config                   
00000985  _c_int00_noargs               
000009bd  __TI_zero_init_nomemset       
000009cf  __TI_decompress_none          
000009dd  Reset_Handler                 
000009e9  ADC14_IRQHandler              
000009e9  AES256_IRQHandler             
000009e9  BusFault_Handler              
000009e9  COMP_E0_IRQHandler            
000009e9  COMP_E1_IRQHandler            
000009e9  CS_IRQHandler                 
000009e9  DMA_ERR_IRQHandler            
000009e9  DMA_INT0_IRQHandler           
000009e9  DMA_INT1_IRQHandler           
000009e9  DMA_INT2_IRQHandler           
000009e9  DMA_INT3_IRQHandler           
000009e9  DebugMon_Handler              
000009e9  Default_Handler               
000009e9  EUSCIA0_IRQHandler            
000009e9  EUSCIA1_IRQHandler            
000009e9  EUSCIA3_IRQHandler            
000009e9  EUSCIB0_IRQHandler            
000009e9  EUSCIB1_IRQHandler            
000009e9  EUSCIB2_IRQHandler            
000009e9  EUSCIB3_IRQHandler            
000009e9  FLCTL_IRQHandler              
000009e9  FPU_IRQHandler                
000009e9  HardFault_Handler             
000009e9  MemManage_Handler             
000009e9  NMI_Handler                   
000009e9  PCM_IRQHandler                
000009e9  PORT1_IRQHandler              
000009e9  PORT2_IRQHandler              
000009e9  PORT3_IRQHandler              
000009e9  PORT4_IRQHandler              
000009e9  PORT5_IRQHandler              
000009e9  PORT6_IRQHandler              
000009e9  PSS_IRQHandler                
000009e9  PendSV_Handler                
000009e9  RTC_C_IRQHandler              
000009e9  SVC_Handler                   
000009e9  SysTick_Handler               
000009e9  T32_INT1_IRQHandler           
000009e9  T32_INT2_IRQHandler           
000009e9  T32_INTC_IRQHandler           
000009e9  TA0_N_IRQHandler              
000009e9  TA1_0_IRQHandler              
000009e9  TA1_N_IRQHandler              
000009e9  TA2_0_IRQHandler              
000009e9  TA2_N_IRQHandler              
000009e9  TA3_0_IRQHandler              
000009e9  TA3_N_IRQHandler              
000009e9  UsageFault_Handler            
000009e9  WDT_A_IRQHandler              
000009eb  _system_pre_init              
000009ef  C$$EXIT                       
000009ef  abort                         
00000a0c  __TI_Handler_Table_Base       
00000a18  __TI_Handler_Table_Limit      
00000a20  __TI_CINIT_Base               
00000a30  __TI_CINIT_Limit              
20000000  data_1                        
20000006  i                             
20000007  index                         
20000008  cardDetect                    
2000000c  SystemCoreClock               
20000010  data_array                    
20000018  data                          
20000019  j                             
2000fe00  __stack                       
20010000  __STACK_END                   
4000480c  WDTCTL_SYM                    
ffffffff  __TI_pprof_out_hndl           
ffffffff  __TI_prof_data_size           
ffffffff  __TI_prof_data_start          
ffffffff  __binit__                     
ffffffff  __c_args__                    
ffffffff  binit                         
UNDEFED   __mpu_init                    
UNDEFED   _system_post_cinit            

[103 symbols]
