******************************************************************************
                  TI ARM Linker PC v18.1.1                     
******************************************************************************
>> Linked Thu Apr 26 16:16:15 2018

OUTPUT FILE NAME:   <DDL Project.out>
ENTRY POINT SYMBOL: "_c_int00_noargs"  address: 000009a5


MEMORY CONFIGURATION

         name            origin    length      used     unused   attr    fill
----------------------  --------  ---------  --------  --------  ----  --------
  MAIN                  00000000   00040000  00000a4a  0003f5b6  R  X
  INFO                  00200000   00004000  00000000  00004000  R  X
  SRAM_CODE             01000000   00010000  00000241  0000fdbf  RW X
  SRAM_DATA             20000000   00010000  00000241  0000fdbf  RW  


SEGMENT ALLOCATION MAP

run origin  load origin   length   init length attrs members
----------  ----------- ---------- ----------- ----- -------
00000000    00000000    00000a50   00000a50    r-x
  00000000    00000000    000000e4   000000e4    r-- .intvecs
  000000e4    000000e4    0000092e   0000092e    r-x .text
  00000a18    00000a18    00000038   00000038    r-- .cinit
20000000    20000000    00000044   00000000    rw-
  20000000    20000000    00000031   00000000    rw- .bss
  20000034    20000034    00000010   00000000    rw- .data
2000fe00    2000fe00    00000200   00000000    rw-
  2000fe00    2000fe00    00000200   00000000    rw- .stack


SECTION ALLOCATION MAP

 output                                  attributes/
section   page    origin      length       input sections
--------  ----  ----------  ----------   ----------------
.intvecs   0    00000000    000000e4     
                  00000000    000000e4     startup_msp432p401r_ccs.obj (.intvecs:retain)

.text      0    000000e4    0000092e     
                  000000e4    00000334     system_msp432p401r.obj (.text)
                  00000418    00000268     uart.obj (.text)
                  00000680    000000a4     timer.obj (.text)
                  00000724    0000009c     rtsv7M4_T_le_v4SPD16_eabi.lib : memcpy_t2.asm.obj (.text)
                  000007c0    00000088     Decoder.obj (.text)
                  00000848    00000074     main.obj (.text)
                  000008bc    00000068     rtsv7M4_T_le_v4SPD16_eabi.lib : copy_decompress_lzss.c.obj (.text:decompress:lzss:__TI_decompress_lzss)
                  00000924    00000044                                   : autoinit.c.obj (.text:__TI_auto_init_nobinit_nopinit:__TI_auto_init_nobinit_nopinit)
                  00000968    0000003c     GPIO.obj (.text)
                  000009a4    00000038     rtsv7M4_T_le_v4SPD16_eabi.lib : boot_cortex_m.c.obj (.text:_c_int00_noargs:_c_int00_noargs)
                  000009dc    00000012                                   : copy_zero_init.c.obj (.text:decompress:ZI:__TI_zero_init_nomemset:__TI_zero_init_nomemset)
                  000009ee    0000000e                                   : copy_decompress_none.c.obj (.text:decompress:none:__TI_decompress_none)
                  000009fc    0000000e     startup_msp432p401r_ccs.obj (.text)
                  00000a0a    00000004     rtsv7M4_T_le_v4SPD16_eabi.lib : pre_init.c.obj (.text:_system_pre_init)
                  00000a0e    00000004                                   : exit.c.obj (.text:abort:abort)

.cinit     0    00000a18    00000038     
                  00000a18    00000012     (.cinit..data.load) [load image, compression = lzss]
                  00000a2a    00000002     --HOLE-- [fill = 0]
                  00000a2c    0000000c     (__TI_handler_table)
                  00000a38    00000008     (.cinit..bss.load) [load image, compression = zero_init]
                  00000a40    00000010     (__TI_cinit_table)

.init_array 
*          0    00000000    00000000     UNINITIALIZED

.binit     0    00000000    00000000     

.bss       0    20000000    00000031     UNINITIALIZED
                  20000000    00000030     (.common:data_array)
                  20000030    00000001     (.common:data)

.data      0    20000034    00000010     UNINITIALIZED
                  20000034    00000006     Decoder.obj (.data:data_1)
                  2000003a    00000001     uart.obj (.data)
                  2000003b    00000001     --HOLE--
                  2000003c    00000004     main.obj (.data)
                  20000040    00000004     system_msp432p401r.obj (.data)

.stack     0    2000fe00    00000200     UNINITIALIZED
                  2000fe00    00000004     rtsv7M4_T_le_v4SPD16_eabi.lib : boot_cortex_m.c.obj (.stack)
                  2000fe04    000001fc     --HOLE--

MODULE SUMMARY

       Module                        code   ro data   rw data
       ------                        ----   -------   -------
    .\
       system_msp432p401r.obj        820    0         8      
       uart.obj                      616    0         100    
       startup_msp432p401r_ccs.obj   14     228       0      
       timer.obj                     164    0         0      
       Decoder.obj                   136    0         12     
       main.obj                      116    0         8      
       GPIO.obj                      60     0         0      
    +--+-----------------------------+------+---------+---------+
       Total:                        1926   228       128    
                                                             
    E:\ccs\ccsv8\tools\compiler\ti-cgt-arm_18.1.1.LTS\lib\rtsv7M4_T_le_v4SPD16_eabi.lib
       memcpy_t2.asm.obj             156    0         0      
       copy_decompress_lzss.c.obj    104    0         0      
       autoinit.c.obj                68     0         0      
       boot_cortex_m.c.obj           56     0         0      
       copy_zero_init.c.obj          18     0         0      
       copy_decompress_none.c.obj    14     0         0      
       exit.c.obj                    4      0         0      
       pre_init.c.obj                4      0         0      
    +--+-----------------------------+------+---------+---------+
       Total:                        424    0         0      
                                                             
       Stack:                        0      0         1024   
       Linker Generated:             0      54        0      
    +--+-----------------------------+------+---------+---------+
       Grand Total:                  2350   282       1152   


LINKER GENERATED COPY TABLES

__TI_cinit_table @ 00000a40 records: 2, size/record: 8, table size: 16
	.data: load addr=00000a18, load size=00000012 bytes, run addr=20000034, run size=00000010 bytes, compression=lzss
	.bss: load addr=00000a38, load size=00000008 bytes, run addr=20000000, run size=00000031 bytes, compression=zero_init


LINKER GENERATED HANDLER TABLE

__TI_handler_table @ 00000a2c records: 3, size/record: 4, table size: 12
	index: 0, handler: __TI_decompress_lzss
	index: 1, handler: __TI_decompress_none
	index: 2, handler: __TI_zero_init


GLOBAL SYMBOLS: SORTED ALPHABETICALLY BY Name 

address   name                          
-------   ----                          
00000a09  ADC14_IRQHandler              
00000a09  AES256_IRQHandler             
00000a09  BusFault_Handler              
00000a0f  C$$EXIT                       
00000a09  COMP_E0_IRQHandler            
00000a09  COMP_E1_IRQHandler            
00000a09  CS_IRQHandler                 
00000a09  DMA_ERR_IRQHandler            
00000a09  DMA_INT0_IRQHandler           
00000a09  DMA_INT1_IRQHandler           
00000a09  DMA_INT2_IRQHandler           
00000a09  DMA_INT3_IRQHandler           
00000a09  DebugMon_Handler              
00000a09  Default_Handler               
00000a09  EUSCIA0_IRQHandler            
00000a09  EUSCIA1_IRQHandler            
000005db  EUSCIA2_IRQHandler            
000005db  EUSCIA2_IRQHandler            
00000a09  EUSCIA3_IRQHandler            
00000a09  EUSCIB0_IRQHandler            
00000a09  EUSCIB1_IRQHandler            
00000a09  EUSCIB2_IRQHandler            
00000a09  EUSCIB3_IRQHandler            
00000a09  FLCTL_IRQHandler              
00000a09  FPU_IRQHandler                
00000969  GPIO_Config                   
00000a09  HardFault_Handler             
00000a09  MemManage_Handler             
00000a09  NMI_Handler                   
00000a09  PCM_IRQHandler                
00000a09  PORT1_IRQHandler              
00000a09  PORT2_IRQHandler              
00000a09  PORT3_IRQHandler              
00000a09  PORT4_IRQHandler              
00000a09  PORT5_IRQHandler              
00000a09  PORT6_IRQHandler              
00000a09  PSS_IRQHandler                
00000a09  PendSV_Handler                
00000a09  RTC_C_IRQHandler              
000009fd  Reset_Handler                 
00000a09  SVC_Handler                   
00000a09  SysTick_Handler               
20000040  SystemCoreClock               
000000e5  SystemCoreClockUpdate         
0000035d  SystemInit                    
00000a09  T32_INT1_IRQHandler           
00000a09  T32_INT2_IRQHandler           
00000a09  T32_INTC_IRQHandler           
000006df  TA0_0_IRQHandler              
000006df  TA0_0_IRQHandler              
00000a09  TA0_N_IRQHandler              
00000a09  TA1_0_IRQHandler              
00000a09  TA1_N_IRQHandler              
00000a09  TA2_0_IRQHandler              
00000a09  TA2_N_IRQHandler              
00000a09  TA3_0_IRQHandler              
00000a09  TA3_N_IRQHandler              
000004d9  UART_Config_UCA0              
00000445  UART_Config_UCA2              
000005bf  UART_send_byte                
0000056d  UART_send_n                   
00000a09  UsageFault_Handler            
4000480c  WDTCTL_SYM                    
00000a09  WDT_A_IRQHandler              
20010000  __STACK_END                   
00000200  __STACK_SIZE                  
00000a40  __TI_CINIT_Base               
00000a50  __TI_CINIT_Limit              
00000a2c  __TI_Handler_Table_Base       
00000a38  __TI_Handler_Table_Limit      
00000925  __TI_auto_init_nobinit_nopinit
000008bd  __TI_decompress_lzss          
000009ef  __TI_decompress_none          
ffffffff  __TI_pprof_out_hndl           
ffffffff  __TI_prof_data_size           
ffffffff  __TI_prof_data_start          
00000000  __TI_static_base__            
000009dd  __TI_zero_init_nomemset       
00000725  __aeabi_memcpy                
00000725  __aeabi_memcpy4               
00000725  __aeabi_memcpy8               
ffffffff  __binit__                     
ffffffff  __c_args__                    
UNDEFED   __mpu_init                    
2000fe00  __stack                       
000009a5  _c_int00_noargs               
UNDEFED   _system_post_cinit            
00000a0b  _system_pre_init              
00000a0f  abort                         
000005f7  add_item_to_array             
ffffffff  binit                         
2000003c  cardDetect                    
20000030  data                          
20000034  data_1                        
20000000  data_array                    
000007c1  decoder                       
2000003a  index                         
00000000  interruptVectors              
00000849  main                          
00000725  memcpy                        
000006e5  systic_config                 
000006ad  timer_a0_config               


GLOBAL SYMBOLS: SORTED BY Symbol Address 

address   name                          
-------   ----                          
00000000  __TI_static_base__            
00000000  interruptVectors              
000000e5  SystemCoreClockUpdate         
00000200  __STACK_SIZE                  
0000035d  SystemInit                    
00000445  UART_Config_UCA2              
000004d9  UART_Config_UCA0              
0000056d  UART_send_n                   
000005bf  UART_send_byte                
000005db  EUSCIA2_IRQHandler            
000005db  EUSCIA2_IRQHandler            
000005f7  add_item_to_array             
000006ad  timer_a0_config               
000006df  TA0_0_IRQHandler              
000006df  TA0_0_IRQHandler              
000006e5  systic_config                 
00000725  __aeabi_memcpy                
00000725  __aeabi_memcpy4               
00000725  __aeabi_memcpy8               
00000725  memcpy                        
000007c1  decoder                       
00000849  main                          
000008bd  __TI_decompress_lzss          
00000925  __TI_auto_init_nobinit_nopinit
00000969  GPIO_Config                   
000009a5  _c_int00_noargs               
000009dd  __TI_zero_init_nomemset       
000009ef  __TI_decompress_none          
000009fd  Reset_Handler                 
00000a09  ADC14_IRQHandler              
00000a09  AES256_IRQHandler             
00000a09  BusFault_Handler              
00000a09  COMP_E0_IRQHandler            
00000a09  COMP_E1_IRQHandler            
00000a09  CS_IRQHandler                 
00000a09  DMA_ERR_IRQHandler            
00000a09  DMA_INT0_IRQHandler           
00000a09  DMA_INT1_IRQHandler           
00000a09  DMA_INT2_IRQHandler           
00000a09  DMA_INT3_IRQHandler           
00000a09  DebugMon_Handler              
00000a09  Default_Handler               
00000a09  EUSCIA0_IRQHandler            
00000a09  EUSCIA1_IRQHandler            
00000a09  EUSCIA3_IRQHandler            
00000a09  EUSCIB0_IRQHandler            
00000a09  EUSCIB1_IRQHandler            
00000a09  EUSCIB2_IRQHandler            
00000a09  EUSCIB3_IRQHandler            
00000a09  FLCTL_IRQHandler              
00000a09  FPU_IRQHandler                
00000a09  HardFault_Handler             
00000a09  MemManage_Handler             
00000a09  NMI_Handler                   
00000a09  PCM_IRQHandler                
00000a09  PORT1_IRQHandler              
00000a09  PORT2_IRQHandler              
00000a09  PORT3_IRQHandler              
00000a09  PORT4_IRQHandler              
00000a09  PORT5_IRQHandler              
00000a09  PORT6_IRQHandler              
00000a09  PSS_IRQHandler                
00000a09  PendSV_Handler                
00000a09  RTC_C_IRQHandler              
00000a09  SVC_Handler                   
00000a09  SysTick_Handler               
00000a09  T32_INT1_IRQHandler           
00000a09  T32_INT2_IRQHandler           
00000a09  T32_INTC_IRQHandler           
00000a09  TA0_N_IRQHandler              
00000a09  TA1_0_IRQHandler              
00000a09  TA1_N_IRQHandler              
00000a09  TA2_0_IRQHandler              
00000a09  TA2_N_IRQHandler              
00000a09  TA3_0_IRQHandler              
00000a09  TA3_N_IRQHandler              
00000a09  UsageFault_Handler            
00000a09  WDT_A_IRQHandler              
00000a0b  _system_pre_init              
00000a0f  C$$EXIT                       
00000a0f  abort                         
00000a2c  __TI_Handler_Table_Base       
00000a38  __TI_Handler_Table_Limit      
00000a40  __TI_CINIT_Base               
00000a50  __TI_CINIT_Limit              
20000000  data_array                    
20000030  data                          
20000034  data_1                        
2000003a  index                         
2000003c  cardDetect                    
20000040  SystemCoreClock               
2000fe00  __stack                       
20010000  __STACK_END                   
4000480c  WDTCTL_SYM                    
ffffffff  __TI_pprof_out_hndl           
ffffffff  __TI_prof_data_size           
ffffffff  __TI_prof_data_start          
ffffffff  __binit__                     
ffffffff  __c_args__                    
ffffffff  binit                         
UNDEFED   __mpu_init                    
UNDEFED   _system_post_cinit            

[102 symbols]
