******************************************************************************
                  TI ARM Linker PC v16.9.7                     
******************************************************************************
>> Linked Tue Apr 24 14:57:09 2018

OUTPUT FILE NAME:   <DDL_Project.out>
ENTRY POINT SYMBOL: "_c_int00"  address: 0000099d


MEMORY CONFIGURATION

         name            origin    length      used     unused   attr    fill
----------------------  --------  ---------  --------  --------  ----  --------
  MAIN                  00000000   00040000  00000b66  0003f49a  R  X
  INFO                  00200000   00004000  00000000  00004000  R  X
  SRAM_CODE             01000000   00010000  00000221  0000fddf  RW X
  SRAM_DATA             20000000   00010000  00000221  0000fddf  RW  


SEGMENT ALLOCATION MAP

run origin  load origin   length   init length attrs members
----------  ----------- ---------- ----------- ----- -------
00000000    00000000    00000b68   00000b68    r-x
  00000000    00000000    000000e4   000000e4    r-- .intvecs
  000000e4    000000e4    00000a42   00000a42    r-x .text
  00000b28    00000b28    00000040   00000040    r-- .cinit
20000000    20000000    00000021   00000000    rw-
  20000000    20000000    00000020   00000000    rw- .data
  20000020    20000020    00000001   00000000    rw- .bss
2000fe00    2000fe00    00000200   00000000    rw-
  2000fe00    2000fe00    00000200   00000000    rw- .stack


SECTION ALLOCATION MAP

 output                                  attributes/
section   page    origin      length       input sections
--------  ----  ----------  ----------   ----------------
.intvecs   0    00000000    000000e4     
                  00000000    000000e4     startup_msp432p401r_ccs.obj (.intvecs:retain)

.binit     0    00000000    00000000     

.text      0    000000e4    00000a42     
                  000000e4    00000334     system_msp432p401r.obj (.text)
                  00000418    00000244     uart.obj (.text)
                  0000065c    000000f0     timer.obj (.text)
                  0000074c    0000009c     rtsv7M4_T_le_v4SPD16_eabi.lib : memcpy_t2.obj (.text)
                  000007e8    0000007a                                   : memset_t2.obj (.text)
                  00000862    00000002                                   : mpu_init.obj (.text)
                  00000864    00000070                                   : autoinit.obj (.text)
                  000008d4    00000068                                   : copy_decompress_lzss.obj (.text:decompress:lzss)
                  0000093c    00000060     main.obj (.text)
                  0000099c    00000054     rtsv7M4_T_le_v4SPD16_eabi.lib : boot.obj (.text)
                  000009f0    00000054                                   : exit.obj (.text)
                  00000a44    0000004c                                   : cpy_tbl.obj (.text)
                  00000a90    0000003c     GPIO.obj (.text)
                  00000acc    00000018     rtsv7M4_T_le_v4SPD16_eabi.lib : args_main.obj (.text)
                  00000ae4    00000014                                   : _lock.obj (.text)
                  00000af8    0000000e                                   : copy_decompress_none.obj (.text:decompress:none)
                  00000b06    0000000e     startup_msp432p401r_ccs.obj (.text)
                  00000b14    0000000c     rtsv7M4_T_le_v4SPD16_eabi.lib : copy_zero_init.obj (.text:decompress:ZI)
                  00000b20    00000004                                   : pre_init.obj (.text)
                  00000b24    00000002                                   : startup.obj (.text)

.cinit     0    00000b28    00000040     
                  00000b28    00000015     (.cinit..data.load) [load image, compression = lzss]
                  00000b3d    00000003     --HOLE-- [fill = 0]
                  00000b40    0000000c     (__TI_handler_table)
                  00000b4c    00000004     --HOLE-- [fill = 0]
                  00000b50    00000008     (.cinit..bss.load) [load image, compression = zero_init]
                  00000b58    00000010     (__TI_cinit_table)

.init_array 
*          0    00000000    00000000     UNINITIALIZED

.data      0    20000000    00000020     UNINITIALIZED
                  20000000    0000000c     rtsv7M4_T_le_v4SPD16_eabi.lib : exit.obj (.data:$O1$$)
                  2000000c    00000008                                   : _lock.obj (.data:$O1$$)
                  20000014    00000004     main.obj (.data)
                  20000018    00000004     rtsv7M4_T_le_v4SPD16_eabi.lib : stkdepth_vars.obj (.data)
                  2000001c    00000004     system_msp432p401r.obj (.data)

.bss       0    20000020    00000001     UNINITIALIZED
                  20000020    00000001     (.common:data)

.stack     0    2000fe00    00000200     UNINITIALIZED
                  2000fe00    00000200     --HOLE--

MODULE SUMMARY

       Module                        code   ro data   rw data
       ------                        ----   -------   -------
    .\
       system_msp432p401r.obj        820    0         8      
       uart.obj                      580    0         2      
       startup_msp432p401r_ccs.obj   14     228       0      
       timer.obj                     240    0         0      
       main.obj                      96     0         8      
       GPIO.obj                      60     0         0      
    +--+-----------------------------+------+---------+---------+
       Total:                        1810   228       18     
                                                             
    C:\ti\ccsv7\tools\compiler\ti-cgt-arm_16.9.7.LTS\lib\rtsv7M4_T_le_v4SPD16_eabi.lib
       memcpy_t2.obj                 156    0         0      
       memset_t2.obj                 122    0         0      
       autoinit.obj                  112    0         0      
       exit.obj                      84     0         24     
       copy_decompress_lzss.obj      104    0         0      
       boot.obj                      84     0         0      
       cpy_tbl.obj                   76     0         0      
       _lock.obj                     20     0         16     
       args_main.obj                 24     0         0      
       copy_decompress_none.obj      14     0         0      
       copy_zero_init.obj            12     0         0      
       stkdepth_vars.obj             0      0         8      
       pre_init.obj                  4      0         0      
       mpu_init.obj                  2      0         0      
       startup.obj                   2      0         0      
    +--+-----------------------------+------+---------+---------+
       Total:                        816    0         48     
                                                             
       Stack:                        0      0         1024   
       Linker Generated:             0      57        0      
    +--+-----------------------------+------+---------+---------+
       Grand Total:                  2626   285       1090   


LINKER GENERATED COPY TABLES

__TI_cinit_table @ 00000b58 records: 2, size/record: 8, table size: 16
	.data: load addr=00000b28, load size=00000015 bytes, run addr=20000000, run size=00000020 bytes, compression=lzss
	.bss: load addr=00000b50, load size=00000008 bytes, run addr=20000020, run size=00000001 bytes, compression=zero_init


LINKER GENERATED HANDLER TABLE

__TI_handler_table @ 00000b40 records: 3, size/record: 4, table size: 12
	index: 0, handler: __TI_decompress_lzss
	index: 1, handler: __TI_decompress_none
	index: 2, handler: __TI_zero_init


GLOBAL SYMBOLS: SORTED ALPHABETICALLY BY Name 

address   name                           
-------   ----                           
00000b13  ADC14_IRQHandler               
00000b13  AES256_IRQHandler              
00000b13  BusFault_Handler               
000009f1  C$$EXIT                        
00000b13  COMP_E0_IRQHandler             
00000b13  COMP_E1_IRQHandler             
00000b13  CS_IRQHandler                  
00000b13  DMA_ERR_IRQHandler             
00000b13  DMA_INT0_IRQHandler            
00000b13  DMA_INT1_IRQHandler            
00000b13  DMA_INT2_IRQHandler            
00000b13  DMA_INT3_IRQHandler            
00000b13  DebugMon_Handler               
00000b13  Default_Handler                
00000b13  EUSCIA0_IRQHandler             
00000b13  EUSCIA1_IRQHandler             
000005db  EUSCIA2_IRQHandler             
000005db  EUSCIA2_IRQHandler             
00000b13  EUSCIA3_IRQHandler             
00000b13  EUSCIB0_IRQHandler             
00000b13  EUSCIB1_IRQHandler             
00000b13  EUSCIB2_IRQHandler             
00000b13  EUSCIB3_IRQHandler             
00000b13  FLCTL_IRQHandler               
00000b13  FPU_IRQHandler                 
00000a91  GPIO_Config                    
00000b13  HardFault_Handler              
00000b13  MemManage_Handler              
00000b13  NMI_Handler                    
00000b13  PCM_IRQHandler                 
00000b13  PORT1_IRQHandler               
00000b13  PORT2_IRQHandler               
00000b13  PORT3_IRQHandler               
00000b13  PORT4_IRQHandler               
00000b13  PORT5_IRQHandler               
00000b13  PORT6_IRQHandler               
00000b13  PSS_IRQHandler                 
00000b13  PendSV_Handler                 
00000b13  RTC_C_IRQHandler               
00000b07  Reset_Handler                  
UNDEFED   SHT$$INIT_ARRAY$$Base          
UNDEFED   SHT$$INIT_ARRAY$$Limit         
00000b13  SVC_Handler                    
00000b13  SysTick_Handler                
2000001c  SystemCoreClock                
000000e5  SystemCoreClockUpdate          
0000035d  SystemInit                     
00000b13  T32_INT1_IRQHandler            
00000b13  T32_INT2_IRQHandler            
00000b13  T32_INTC_IRQHandler            
000006fb  TA0_0_IRQHandler               
000006fb  TA0_0_IRQHandler               
00000b13  TA0_N_IRQHandler               
00000b13  TA1_0_IRQHandler               
00000b13  TA1_N_IRQHandler               
00000b13  TA2_0_IRQHandler               
00000b13  TA2_N_IRQHandler               
00000b13  TA3_0_IRQHandler               
00000b13  TA3_N_IRQHandler               
000004d9  UART_Config_UCA0               
00000445  UART_Config_UCA2               
000005bf  UART_send_byte                 
0000056d  UART_send_n                    
00000b13  UsageFault_Handler             
4000480c  WDTCTL_SYM                     
00000b13  WDT_A_IRQHandler               
20010000  __STACK_END                    
00000200  __STACK_SIZE                   
00000b58  __TI_CINIT_Base                
00000b68  __TI_CINIT_Limit               
00000b40  __TI_Handler_Table_Base        
00000b4c  __TI_Handler_Table_Limit       
00000865  __TI_auto_init                 
20000000  __TI_cleanup_ptr               
000008d5  __TI_decompress_lzss           
00000af9  __TI_decompress_none           
20000004  __TI_dtors_ptr                 
20000008  __TI_enable_exit_profile_output
ffffffff  __TI_pprof_out_hndl            
ffffffff  __TI_prof_data_size            
ffffffff  __TI_prof_data_start           
00000000  __TI_static_base__             
00000b15  __TI_zero_init                 
000007e9  __aeabi_memclr                 
000007e9  __aeabi_memclr4                
000007e9  __aeabi_memclr8                
0000074d  __aeabi_memcpy                 
0000074d  __aeabi_memcpy4                
0000074d  __aeabi_memcpy8                
000007eb  __aeabi_memset                 
000007eb  __aeabi_memset4                
000007eb  __aeabi_memset8                
ffffffff  __binit__                      
ffffffff  __c_args__                     
00000863  __mpu_init                     
2000fe00  __stack                        
00000acd  _args_main                     
0000099d  _c_int00                       
2000000c  _lock                          
00000af3  _nop                           
00000aeb  _register_lock                 
00000ae5  _register_unlock               
00000b25  _system_post_cinit             
00000b21  _system_pre_init               
20000010  _unlock                        
000009f5  abort                          
ffffffff  binit                          
20000014  cardDetect                     
00000a45  copy_in                        
20000020  data                           
000009fd  exit                           
00000000  interruptVectors               
0000093d  main                           
20000018  main_func_sp                   
0000074d  memcpy                         
000007f1  memset                         
00000701  systic_config                  
00000689  timer_a0_config                
000006bb  timer_a0_pwm_config            


GLOBAL SYMBOLS: SORTED BY Symbol Address 

address   name                           
-------   ----                           
00000000  __TI_static_base__             
00000000  interruptVectors               
000000e5  SystemCoreClockUpdate          
00000200  __STACK_SIZE                   
0000035d  SystemInit                     
00000445  UART_Config_UCA2               
000004d9  UART_Config_UCA0               
0000056d  UART_send_n                    
000005bf  UART_send_byte                 
000005db  EUSCIA2_IRQHandler             
000005db  EUSCIA2_IRQHandler             
00000689  timer_a0_config                
000006bb  timer_a0_pwm_config            
000006fb  TA0_0_IRQHandler               
000006fb  TA0_0_IRQHandler               
00000701  systic_config                  
0000074d  __aeabi_memcpy                 
0000074d  __aeabi_memcpy4                
0000074d  __aeabi_memcpy8                
0000074d  memcpy                         
000007e9  __aeabi_memclr                 
000007e9  __aeabi_memclr4                
000007e9  __aeabi_memclr8                
000007eb  __aeabi_memset                 
000007eb  __aeabi_memset4                
000007eb  __aeabi_memset8                
000007f1  memset                         
00000863  __mpu_init                     
00000865  __TI_auto_init                 
000008d5  __TI_decompress_lzss           
0000093d  main                           
0000099d  _c_int00                       
000009f1  C$$EXIT                        
000009f5  abort                          
000009fd  exit                           
00000a45  copy_in                        
00000a91  GPIO_Config                    
00000acd  _args_main                     
00000ae5  _register_unlock               
00000aeb  _register_lock                 
00000af3  _nop                           
00000af9  __TI_decompress_none           
00000b07  Reset_Handler                  
00000b13  ADC14_IRQHandler               
00000b13  AES256_IRQHandler              
00000b13  BusFault_Handler               
00000b13  COMP_E0_IRQHandler             
00000b13  COMP_E1_IRQHandler             
00000b13  CS_IRQHandler                  
00000b13  DMA_ERR_IRQHandler             
00000b13  DMA_INT0_IRQHandler            
00000b13  DMA_INT1_IRQHandler            
00000b13  DMA_INT2_IRQHandler            
00000b13  DMA_INT3_IRQHandler            
00000b13  DebugMon_Handler               
00000b13  Default_Handler                
00000b13  EUSCIA0_IRQHandler             
00000b13  EUSCIA1_IRQHandler             
00000b13  EUSCIA3_IRQHandler             
00000b13  EUSCIB0_IRQHandler             
00000b13  EUSCIB1_IRQHandler             
00000b13  EUSCIB2_IRQHandler             
00000b13  EUSCIB3_IRQHandler             
00000b13  FLCTL_IRQHandler               
00000b13  FPU_IRQHandler                 
00000b13  HardFault_Handler              
00000b13  MemManage_Handler              
00000b13  NMI_Handler                    
00000b13  PCM_IRQHandler                 
00000b13  PORT1_IRQHandler               
00000b13  PORT2_IRQHandler               
00000b13  PORT3_IRQHandler               
00000b13  PORT4_IRQHandler               
00000b13  PORT5_IRQHandler               
00000b13  PORT6_IRQHandler               
00000b13  PSS_IRQHandler                 
00000b13  PendSV_Handler                 
00000b13  RTC_C_IRQHandler               
00000b13  SVC_Handler                    
00000b13  SysTick_Handler                
00000b13  T32_INT1_IRQHandler            
00000b13  T32_INT2_IRQHandler            
00000b13  T32_INTC_IRQHandler            
00000b13  TA0_N_IRQHandler               
00000b13  TA1_0_IRQHandler               
00000b13  TA1_N_IRQHandler               
00000b13  TA2_0_IRQHandler               
00000b13  TA2_N_IRQHandler               
00000b13  TA3_0_IRQHandler               
00000b13  TA3_N_IRQHandler               
00000b13  UsageFault_Handler             
00000b13  WDT_A_IRQHandler               
00000b15  __TI_zero_init                 
00000b21  _system_pre_init               
00000b25  _system_post_cinit             
00000b40  __TI_Handler_Table_Base        
00000b4c  __TI_Handler_Table_Limit       
00000b58  __TI_CINIT_Base                
00000b68  __TI_CINIT_Limit               
20000000  __TI_cleanup_ptr               
20000004  __TI_dtors_ptr                 
20000008  __TI_enable_exit_profile_output
2000000c  _lock                          
20000010  _unlock                        
20000014  cardDetect                     
20000018  main_func_sp                   
2000001c  SystemCoreClock                
20000020  data                           
2000fe00  __stack                        
20010000  __STACK_END                    
4000480c  WDTCTL_SYM                     
ffffffff  __TI_pprof_out_hndl            
ffffffff  __TI_prof_data_size            
ffffffff  __TI_prof_data_start           
ffffffff  __binit__                      
ffffffff  __c_args__                     
ffffffff  binit                          
UNDEFED   SHT$$INIT_ARRAY$$Base          
UNDEFED   SHT$$INIT_ARRAY$$Limit         

[119 symbols]
