******************************************************************************
                  TI ARM Linker PC v16.9.7                     
******************************************************************************
>> Linked Sun Apr 29 20:44:33 2018

OUTPUT FILE NAME:   <DDL_Project.out>
ENTRY POINT SYMBOL: "_c_int00"  address: 00000c49


MEMORY CONFIGURATION

         name            origin    length      used     unused   attr    fill
----------------------  --------  ---------  --------  --------  ----  --------
  MAIN                  00000000   00040000  00000df6  0003f20a  R  X
  INFO                  00200000   00004000  00000000  00004000  R  X
  SRAM_CODE             01000000   00010000  00000293  0000fd6d  RW X
  SRAM_DATA             20000000   00010000  00000293  0000fd6d  RW  


SEGMENT ALLOCATION MAP

run origin  load origin   length   init length attrs members
----------  ----------- ---------- ----------- ----- -------
00000000    00000000    00000df8   00000df8    r-x
  00000000    00000000    000000e4   000000e4    r-- .intvecs
  000000e4    000000e4    00000cb2   00000cb2    r-x .text
  00000d98    00000d98    00000060   00000060    r-- .cinit
20000000    20000000    00000095   00000000    rw-
  20000000    20000000    00000052   00000000    rw- .data
  20000054    20000054    00000041   00000000    rw- .bss
2000fe00    2000fe00    00000200   00000000    rw-
  2000fe00    2000fe00    00000200   00000000    rw- .stack


SECTION ALLOCATION MAP

 output                                  attributes/
section   page    origin      length       input sections
--------  ----  ----------  ----------   ----------------
.intvecs   0    00000000    000000e4     
                  00000000    000000e4     startup_msp432p401r_ccs.obj (.intvecs:retain)

.binit     0    00000000    00000000     

.text      0    000000e4    00000cb2     
                  000000e4    00000334     system_msp432p401r.obj (.text)
                  00000418    00000260     uart.obj (.text)
                  00000678    000001d4     Decoder.obj (.text)
                  0000084c    00000134     timer.obj (.text)
                  00000980    0000009c     rtsv7M4_T_le_v4SPD16_eabi.lib : memcpy_t2.obj (.text)
                  00000a1c    0000007a                                   : memset_t2.obj (.text)
                  00000a96    00000002                                   : mpu_init.obj (.text)
                  00000a98    00000074     main.obj (.text)
                  00000b0c    00000070     rtsv7M4_T_le_v4SPD16_eabi.lib : autoinit.obj (.text)
                  00000b7c    00000068                                   : copy_decompress_lzss.obj (.text:decompress:lzss)
                  00000be4    00000064     GPIO.obj (.text)
                  00000c48    00000054     rtsv7M4_T_le_v4SPD16_eabi.lib : boot.obj (.text)
                  00000c9c    00000054                                   : exit.obj (.text)
                  00000cf0    0000004c                                   : cpy_tbl.obj (.text)
                  00000d3c    00000018                                   : args_main.obj (.text)
                  00000d54    00000014                                   : _lock.obj (.text)
                  00000d68    0000000e                                   : copy_decompress_none.obj (.text:decompress:none)
                  00000d76    0000000e     startup_msp432p401r_ccs.obj (.text)
                  00000d84    0000000c     rtsv7M4_T_le_v4SPD16_eabi.lib : copy_zero_init.obj (.text:decompress:ZI)
                  00000d90    00000004                                   : pre_init.obj (.text)
                  00000d94    00000002                                   : startup.obj (.text)

.cinit     0    00000d98    00000060     
                  00000d98    0000003c     (.cinit..data.load) [load image, compression = lzss]
                  00000dd4    0000000c     (__TI_handler_table)
                  00000de0    00000008     (.cinit..bss.load) [load image, compression = zero_init]
                  00000de8    00000010     (__TI_cinit_table)

.init_array 
*          0    00000000    00000000     UNINITIALIZED

.data      0    20000000    00000052     UNINITIALIZED
                  20000000    00000010     Decoder.obj (.data:master)
                  20000010    00000010     Decoder.obj (.data:user_1)
                  20000020    00000010     Decoder.obj (.data:user_2)
                  20000030    0000000c     rtsv7M4_T_le_v4SPD16_eabi.lib : exit.obj (.data:$O1$$)
                  2000003c    00000008                                   : _lock.obj (.data:$O1$$)
                  20000044    00000004     main.obj (.data)
                  20000048    00000004     rtsv7M4_T_le_v4SPD16_eabi.lib : stkdepth_vars.obj (.data)
                  2000004c    00000004     system_msp432p401r.obj (.data)
                  20000050    00000001     Decoder.obj (.data)
                  20000051    00000001     uart.obj (.data)

.bss       0    20000054    00000041     UNINITIALIZED
                  20000054    00000040     (.common:data_array)
                  20000094    00000001     (.common:data)

.stack     0    2000fe00    00000200     UNINITIALIZED
                  2000fe00    00000200     --HOLE--

MODULE SUMMARY

       Module                        code   ro data   rw data
       ------                        ----   -------   -------
    .\
       system_msp432p401r.obj        820    0         8      
       uart.obj                      608    0         132    
       Decoder.obj                   468    0         98     
       timer.obj                     308    0         0      
       startup_msp432p401r_ccs.obj   14     228       0      
       main.obj                      116    0         8      
       GPIO.obj                      100    0         0      
    +--+-----------------------------+------+---------+---------+
       Total:                        2434   228       246    
                                                             
    C:\ti\ccsv7\tools\compiler\ti-cgt-arm_16.9.7.LTS\lib\rtsv7M4_T_le_v4SPD16_eabi.lib
       memcpy_t2.obj                 156    0         0      
       memset_t2.obj                 122    0         0      
       autoinit.obj                  112    0         0      
       exit.obj                      84     0         24     
       copy_decompress_lzss.obj      104    0         0      
       boot.obj                      84     0         0      
       cpy_tbl.obj                   76     0         0      
       _lock.obj                     20     0         16     
       args_main.obj                 24     0         0      
       copy_decompress_none.obj      14     0         0      
       copy_zero_init.obj            12     0         0      
       stkdepth_vars.obj             0      0         8      
       pre_init.obj                  4      0         0      
       mpu_init.obj                  2      0         0      
       startup.obj                   2      0         0      
    +--+-----------------------------+------+---------+---------+
       Total:                        816    0         48     
                                                             
       Stack:                        0      0         1024   
       Linker Generated:             0      96        0      
    +--+-----------------------------+------+---------+---------+
       Grand Total:                  3250   324       1318   


LINKER GENERATED COPY TABLES

__TI_cinit_table @ 00000de8 records: 2, size/record: 8, table size: 16
	.data: load addr=00000d98, load size=0000003c bytes, run addr=20000000, run size=00000052 bytes, compression=lzss
	.bss: load addr=00000de0, load size=00000008 bytes, run addr=20000054, run size=00000041 bytes, compression=zero_init


LINKER GENERATED HANDLER TABLE

__TI_handler_table @ 00000dd4 records: 3, size/record: 4, table size: 12
	index: 0, handler: __TI_decompress_lzss
	index: 1, handler: __TI_decompress_none
	index: 2, handler: __TI_zero_init


GLOBAL SYMBOLS: SORTED ALPHABETICALLY BY Name 

address   name                           
-------   ----                           
00000d83  ADC14_IRQHandler               
00000d83  AES256_IRQHandler              
00000d83  BusFault_Handler               
00000c9d  C$$EXIT                        
00000d83  COMP_E0_IRQHandler             
00000d83  COMP_E1_IRQHandler             
00000d83  CS_IRQHandler                  
00000d83  DMA_ERR_IRQHandler             
00000d83  DMA_INT0_IRQHandler            
00000d83  DMA_INT1_IRQHandler            
00000d83  DMA_INT2_IRQHandler            
00000d83  DMA_INT3_IRQHandler            
00000d83  DebugMon_Handler               
00000d83  Default_Handler                
00000d83  EUSCIA0_IRQHandler             
00000d83  EUSCIA1_IRQHandler             
000005cf  EUSCIA2_IRQHandler             
000005cf  EUSCIA2_IRQHandler             
00000d83  EUSCIA3_IRQHandler             
00000d83  EUSCIB0_IRQHandler             
00000d83  EUSCIB1_IRQHandler             
00000d83  EUSCIB2_IRQHandler             
00000d83  EUSCIB3_IRQHandler             
00000d83  FLCTL_IRQHandler               
00000d83  FPU_IRQHandler                 
00000be5  GPIO_Config                    
00000d83  HardFault_Handler              
00000d83  MemManage_Handler              
00000d83  NMI_Handler                    
00000d83  PCM_IRQHandler                 
00000d83  PORT1_IRQHandler               
00000d83  PORT2_IRQHandler               
00000d83  PORT3_IRQHandler               
00000d83  PORT4_IRQHandler               
00000d83  PORT5_IRQHandler               
00000d83  PORT6_IRQHandler               
00000d83  PSS_IRQHandler                 
00000d83  PendSV_Handler                 
00000d83  RTC_C_IRQHandler               
00000d77  Reset_Handler                  
UNDEFED   SHT$$INIT_ARRAY$$Base          
UNDEFED   SHT$$INIT_ARRAY$$Limit         
00000d83  SVC_Handler                    
00000d83  SysTick_Handler                
2000004c  SystemCoreClock                
000000e5  SystemCoreClockUpdate          
0000035d  SystemInit                     
00000d83  T32_INT1_IRQHandler            
00000d83  T32_INT2_IRQHandler            
00000d83  T32_INTC_IRQHandler            
0000092f  TA0_0_IRQHandler               
0000092f  TA0_0_IRQHandler               
00000d83  TA0_N_IRQHandler               
00000d83  TA1_0_IRQHandler               
00000d83  TA1_N_IRQHandler               
00000d83  TA2_0_IRQHandler               
00000d83  TA2_N_IRQHandler               
00000d83  TA3_0_IRQHandler               
00000d83  TA3_N_IRQHandler               
000004d3  UART_Config_UCA0               
00000445  UART_Config_UCA2               
000005b3  UART_send_byte                 
00000561  UART_send_n                    
00000d83  UsageFault_Handler             
4000480c  WDTCTL_SYM                     
00000d83  WDT_A_IRQHandler               
20010000  __STACK_END                    
00000200  __STACK_SIZE                   
00000de8  __TI_CINIT_Base                
00000df8  __TI_CINIT_Limit               
00000dd4  __TI_Handler_Table_Base        
00000de0  __TI_Handler_Table_Limit       
00000b0d  __TI_auto_init                 
20000030  __TI_cleanup_ptr               
00000b7d  __TI_decompress_lzss           
00000d69  __TI_decompress_none           
20000034  __TI_dtors_ptr                 
20000038  __TI_enable_exit_profile_output
ffffffff  __TI_pprof_out_hndl            
ffffffff  __TI_prof_data_size            
ffffffff  __TI_prof_data_start           
00000000  __TI_static_base__             
00000d85  __TI_zero_init                 
00000a1d  __aeabi_memclr                 
00000a1d  __aeabi_memclr4                
00000a1d  __aeabi_memclr8                
00000981  __aeabi_memcpy                 
00000981  __aeabi_memcpy4                
00000981  __aeabi_memcpy8                
00000a1f  __aeabi_memset                 
00000a1f  __aeabi_memset4                
00000a1f  __aeabi_memset8                
ffffffff  __binit__                      
ffffffff  __c_args__                     
00000a97  __mpu_init                     
2000fe00  __stack                        
00000d3d  _args_main                     
00000c49  _c_int00                       
2000003c  _lock                          
00000d63  _nop                           
00000d5b  _register_lock                 
00000d55  _register_unlock               
00000d95  _system_post_cinit             
00000d91  _system_pre_init               
20000040  _unlock                        
00000ca1  abort                          
000005f9  add_item_to_array              
ffffffff  binit                          
20000044  cardDetect                     
00000cf1  copy_in                        
20000094  data                           
20000054  data_array                     
00000679  decoder                        
00000ca9  exit                           
20000051  index                          
00000000  interruptVectors               
00000a99  main                           
20000048  main_func_sp                   
20000000  master                         
00000981  memcpy                         
00000a25  memset                         
00000901  pwm_down                       
000008d3  pwm_up                         
00000935  systic_config                  
00000879  timer_a0_config                
000008ab  timer_a0_pwm_config            
20000050  toggle                         
20000010  user_1                         
20000020  user_2                         


GLOBAL SYMBOLS: SORTED BY Symbol Address 

address   name                           
-------   ----                           
00000000  __TI_static_base__             
00000000  interruptVectors               
000000e5  SystemCoreClockUpdate          
00000200  __STACK_SIZE                   
0000035d  SystemInit                     
00000445  UART_Config_UCA2               
000004d3  UART_Config_UCA0               
00000561  UART_send_n                    
000005b3  UART_send_byte                 
000005cf  EUSCIA2_IRQHandler             
000005cf  EUSCIA2_IRQHandler             
000005f9  add_item_to_array              
00000679  decoder                        
00000879  timer_a0_config                
000008ab  timer_a0_pwm_config            
000008d3  pwm_up                         
00000901  pwm_down                       
0000092f  TA0_0_IRQHandler               
0000092f  TA0_0_IRQHandler               
00000935  systic_config                  
00000981  __aeabi_memcpy                 
00000981  __aeabi_memcpy4                
00000981  __aeabi_memcpy8                
00000981  memcpy                         
00000a1d  __aeabi_memclr                 
00000a1d  __aeabi_memclr4                
00000a1d  __aeabi_memclr8                
00000a1f  __aeabi_memset                 
00000a1f  __aeabi_memset4                
00000a1f  __aeabi_memset8                
00000a25  memset                         
00000a97  __mpu_init                     
00000a99  main                           
00000b0d  __TI_auto_init                 
00000b7d  __TI_decompress_lzss           
00000be5  GPIO_Config                    
00000c49  _c_int00                       
00000c9d  C$$EXIT                        
00000ca1  abort                          
00000ca9  exit                           
00000cf1  copy_in                        
00000d3d  _args_main                     
00000d55  _register_unlock               
00000d5b  _register_lock                 
00000d63  _nop                           
00000d69  __TI_decompress_none           
00000d77  Reset_Handler                  
00000d83  ADC14_IRQHandler               
00000d83  AES256_IRQHandler              
00000d83  BusFault_Handler               
00000d83  COMP_E0_IRQHandler             
00000d83  COMP_E1_IRQHandler             
00000d83  CS_IRQHandler                  
00000d83  DMA_ERR_IRQHandler             
00000d83  DMA_INT0_IRQHandler            
00000d83  DMA_INT1_IRQHandler            
00000d83  DMA_INT2_IRQHandler            
00000d83  DMA_INT3_IRQHandler            
00000d83  DebugMon_Handler               
00000d83  Default_Handler                
00000d83  EUSCIA0_IRQHandler             
00000d83  EUSCIA1_IRQHandler             
00000d83  EUSCIA3_IRQHandler             
00000d83  EUSCIB0_IRQHandler             
00000d83  EUSCIB1_IRQHandler             
00000d83  EUSCIB2_IRQHandler             
00000d83  EUSCIB3_IRQHandler             
00000d83  FLCTL_IRQHandler               
00000d83  FPU_IRQHandler                 
00000d83  HardFault_Handler              
00000d83  MemManage_Handler              
00000d83  NMI_Handler                    
00000d83  PCM_IRQHandler                 
00000d83  PORT1_IRQHandler               
00000d83  PORT2_IRQHandler               
00000d83  PORT3_IRQHandler               
00000d83  PORT4_IRQHandler               
00000d83  PORT5_IRQHandler               
00000d83  PORT6_IRQHandler               
00000d83  PSS_IRQHandler                 
00000d83  PendSV_Handler                 
00000d83  RTC_C_IRQHandler               
00000d83  SVC_Handler                    
00000d83  SysTick_Handler                
00000d83  T32_INT1_IRQHandler            
00000d83  T32_INT2_IRQHandler            
00000d83  T32_INTC_IRQHandler            
00000d83  TA0_N_IRQHandler               
00000d83  TA1_0_IRQHandler               
00000d83  TA1_N_IRQHandler               
00000d83  TA2_0_IRQHandler               
00000d83  TA2_N_IRQHandler               
00000d83  TA3_0_IRQHandler               
00000d83  TA3_N_IRQHandler               
00000d83  UsageFault_Handler             
00000d83  WDT_A_IRQHandler               
00000d85  __TI_zero_init                 
00000d91  _system_pre_init               
00000d95  _system_post_cinit             
00000dd4  __TI_Handler_Table_Base        
00000de0  __TI_Handler_Table_Limit       
00000de8  __TI_CINIT_Base                
00000df8  __TI_CINIT_Limit               
20000000  master                         
20000010  user_1                         
20000020  user_2                         
20000030  __TI_cleanup_ptr               
20000034  __TI_dtors_ptr                 
20000038  __TI_enable_exit_profile_output
2000003c  _lock                          
20000040  _unlock                        
20000044  cardDetect                     
20000048  main_func_sp                   
2000004c  SystemCoreClock                
20000050  toggle                         
20000051  index                          
20000054  data_array                     
20000094  data                           
2000fe00  __stack                        
20010000  __STACK_END                    
4000480c  WDTCTL_SYM                     
ffffffff  __TI_pprof_out_hndl            
ffffffff  __TI_prof_data_size            
ffffffff  __TI_prof_data_start           
ffffffff  __binit__                      
ffffffff  __c_args__                     
ffffffff  binit                          
UNDEFED   SHT$$INIT_ARRAY$$Base          
UNDEFED   SHT$$INIT_ARRAY$$Limit         

[129 symbols]
