******************************************************************************
                  TI ARM Linker PC v16.9.7                     
******************************************************************************
>> Linked Sun Apr 29 13:31:07 2018

OUTPUT FILE NAME:   <DDL_Project.out>
ENTRY POINT SYMBOL: "_c_int00"  address: 00000a19


MEMORY CONFIGURATION

         name            origin    length      used     unused   attr    fill
----------------------  --------  ---------  --------  --------  ----  --------
  MAIN                  00000000   00040000  00000be2  0003f41e  R  X
  INFO                  00200000   00004000  00000000  00004000  R  X
  SRAM_CODE             01000000   00010000  00000262  0000fd9e  RW X
  SRAM_DATA             20000000   00010000  00000262  0000fd9e  RW  


SEGMENT ALLOCATION MAP

run origin  load origin   length   init length attrs members
----------  ----------- ---------- ----------- ----- -------
00000000    00000000    00000be8   00000be8    r-x
  00000000    00000000    000000e4   000000e4    r-- .intvecs
  000000e4    000000e4    00000abe   00000abe    r-x .text
  00000ba8    00000ba8    00000040   00000040    r-- .cinit
20000000    20000000    00000065   00000000    rw-
  20000000    20000000    00000041   00000000    rw- .bss
  20000044    20000044    00000021   00000000    rw- .data
2000fe00    2000fe00    00000200   00000000    rw-
  2000fe00    2000fe00    00000200   00000000    rw- .stack


SECTION ALLOCATION MAP

 output                                  attributes/
section   page    origin      length       input sections
--------  ----  ----------  ----------   ----------------
.intvecs   0    00000000    000000e4     
                  00000000    000000e4     startup_msp432p401r_ccs.obj (.intvecs:retain)

.binit     0    00000000    00000000     

.text      0    000000e4    00000abe     
                  000000e4    00000334     system_msp432p401r.obj (.text)
                  00000418    00000268     uart.obj (.text)
                  00000680    000000a4     main.obj (.text)
                  00000724    000000a4     timer.obj (.text)
                  000007c8    0000009c     rtsv7M4_T_le_v4SPD16_eabi.lib : memcpy_t2.obj (.text)
                  00000864    0000007a                                   : memset_t2.obj (.text)
                  000008de    00000002                                   : mpu_init.obj (.text)
                  000008e0    00000070                                   : autoinit.obj (.text)
                  00000950    00000068                                   : copy_decompress_lzss.obj (.text:decompress:lzss)
                  000009b8    00000060     Decoder.obj (.text)
                  00000a18    00000054     rtsv7M4_T_le_v4SPD16_eabi.lib : boot.obj (.text)
                  00000a6c    00000054                                   : exit.obj (.text)
                  00000ac0    0000004c                                   : cpy_tbl.obj (.text)
                  00000b0c    0000003c     GPIO.obj (.text)
                  00000b48    00000018     rtsv7M4_T_le_v4SPD16_eabi.lib : args_main.obj (.text)
                  00000b60    00000014                                   : _lock.obj (.text)
                  00000b74    0000000e                                   : copy_decompress_none.obj (.text:decompress:none)
                  00000b82    0000000e     startup_msp432p401r_ccs.obj (.text)
                  00000b90    0000000c     rtsv7M4_T_le_v4SPD16_eabi.lib : copy_zero_init.obj (.text:decompress:ZI)
                  00000b9c    00000004                                   : pre_init.obj (.text)
                  00000ba0    00000002                                   : startup.obj (.text)

.cinit     0    00000ba8    00000040     
                  00000ba8    00000016     (.cinit..data.load) [load image, compression = lzss]
                  00000bbe    00000002     --HOLE-- [fill = 0]
                  00000bc0    0000000c     (__TI_handler_table)
                  00000bcc    00000004     --HOLE-- [fill = 0]
                  00000bd0    00000008     (.cinit..bss.load) [load image, compression = zero_init]
                  00000bd8    00000010     (__TI_cinit_table)

.init_array 
*          0    00000000    00000000     UNINITIALIZED

.bss       0    20000000    00000041     UNINITIALIZED
                  20000000    00000040     (.common:data_array)
                  20000040    00000001     (.common:data)

.data      0    20000044    00000021     UNINITIALIZED
                  20000044    0000000c     rtsv7M4_T_le_v4SPD16_eabi.lib : exit.obj (.data:$O1$$)
                  20000050    00000008                                   : _lock.obj (.data:$O1$$)
                  20000058    00000004     main.obj (.data)
                  2000005c    00000004     rtsv7M4_T_le_v4SPD16_eabi.lib : stkdepth_vars.obj (.data)
                  20000060    00000004     system_msp432p401r.obj (.data)
                  20000064    00000001     uart.obj (.data)

.stack     0    2000fe00    00000200     UNINITIALIZED
                  2000fe00    00000200     --HOLE--

MODULE SUMMARY

       Module                        code   ro data   rw data
       ------                        ----   -------   -------
    .\
       system_msp432p401r.obj        820    0         8      
       uart.obj                      616    0         132    
       startup_msp432p401r_ccs.obj   14     228       0      
       main.obj                      164    0         8      
       timer.obj                     164    0         0      
       Decoder.obj                   96     0         0      
       GPIO.obj                      60     0         0      
    +--+-----------------------------+------+---------+---------+
       Total:                        1934   228       148    
                                                             
    C:\ti\ccsv7\tools\compiler\ti-cgt-arm_16.9.7.LTS\lib\rtsv7M4_T_le_v4SPD16_eabi.lib
       memcpy_t2.obj                 156    0         0      
       memset_t2.obj                 122    0         0      
       autoinit.obj                  112    0         0      
       exit.obj                      84     0         24     
       copy_decompress_lzss.obj      104    0         0      
       boot.obj                      84     0         0      
       cpy_tbl.obj                   76     0         0      
       _lock.obj                     20     0         16     
       args_main.obj                 24     0         0      
       copy_decompress_none.obj      14     0         0      
       copy_zero_init.obj            12     0         0      
       stkdepth_vars.obj             0      0         8      
       pre_init.obj                  4      0         0      
       mpu_init.obj                  2      0         0      
       startup.obj                   2      0         0      
    +--+-----------------------------+------+---------+---------+
       Total:                        816    0         48     
                                                             
       Stack:                        0      0         1024   
       Linker Generated:             0      58        0      
    +--+-----------------------------+------+---------+---------+
       Grand Total:                  2750   286       1220   


LINKER GENERATED COPY TABLES

__TI_cinit_table @ 00000bd8 records: 2, size/record: 8, table size: 16
	.data: load addr=00000ba8, load size=00000016 bytes, run addr=20000044, run size=00000021 bytes, compression=lzss
	.bss: load addr=00000bd0, load size=00000008 bytes, run addr=20000000, run size=00000041 bytes, compression=zero_init


LINKER GENERATED HANDLER TABLE

__TI_handler_table @ 00000bc0 records: 3, size/record: 4, table size: 12
	index: 0, handler: __TI_decompress_lzss
	index: 1, handler: __TI_decompress_none
	index: 2, handler: __TI_zero_init


GLOBAL SYMBOLS: SORTED ALPHABETICALLY BY Name 

address   name                           
-------   ----                           
00000b8f  ADC14_IRQHandler               
00000b8f  AES256_IRQHandler              
00000b8f  BusFault_Handler               
00000a6d  C$$EXIT                        
00000b8f  COMP_E0_IRQHandler             
00000b8f  COMP_E1_IRQHandler             
00000b8f  CS_IRQHandler                  
00000b8f  DMA_ERR_IRQHandler             
00000b8f  DMA_INT0_IRQHandler            
00000b8f  DMA_INT1_IRQHandler            
00000b8f  DMA_INT2_IRQHandler            
00000b8f  DMA_INT3_IRQHandler            
00000b8f  DebugMon_Handler               
00000b8f  Default_Handler                
00000b8f  EUSCIA0_IRQHandler             
00000b8f  EUSCIA1_IRQHandler             
000005cf  EUSCIA2_IRQHandler             
000005cf  EUSCIA2_IRQHandler             
00000b8f  EUSCIA3_IRQHandler             
00000b8f  EUSCIB0_IRQHandler             
00000b8f  EUSCIB1_IRQHandler             
00000b8f  EUSCIB2_IRQHandler             
00000b8f  EUSCIB3_IRQHandler             
00000b8f  FLCTL_IRQHandler               
00000b8f  FPU_IRQHandler                 
00000b0d  GPIO_Config                    
00000b8f  HardFault_Handler              
00000b8f  MemManage_Handler              
00000b8f  NMI_Handler                    
00000b8f  PCM_IRQHandler                 
00000b8f  PORT1_IRQHandler               
00000b8f  PORT2_IRQHandler               
00000b8f  PORT3_IRQHandler               
00000b8f  PORT4_IRQHandler               
00000b8f  PORT5_IRQHandler               
00000b8f  PORT6_IRQHandler               
00000b8f  PSS_IRQHandler                 
00000b8f  PendSV_Handler                 
00000b8f  RTC_C_IRQHandler               
00000b83  Reset_Handler                  
UNDEFED   SHT$$INIT_ARRAY$$Base          
UNDEFED   SHT$$INIT_ARRAY$$Limit         
00000b8f  SVC_Handler                    
00000b8f  SysTick_Handler                
20000060  SystemCoreClock                
000000e5  SystemCoreClockUpdate          
0000035d  SystemInit                     
00000b8f  T32_INT1_IRQHandler            
00000b8f  T32_INT2_IRQHandler            
00000b8f  T32_INTC_IRQHandler            
00000783  TA0_0_IRQHandler               
00000783  TA0_0_IRQHandler               
00000b8f  TA0_N_IRQHandler               
00000b8f  TA1_0_IRQHandler               
00000b8f  TA1_N_IRQHandler               
00000b8f  TA2_0_IRQHandler               
00000b8f  TA2_N_IRQHandler               
00000b8f  TA3_0_IRQHandler               
00000b8f  TA3_N_IRQHandler               
000004d3  UART_Config_UCA0               
00000445  UART_Config_UCA2               
000005b3  UART_send_byte                 
00000561  UART_send_n                    
00000b8f  UsageFault_Handler             
4000480c  WDTCTL_SYM                     
00000b8f  WDT_A_IRQHandler               
20010000  __STACK_END                    
00000200  __STACK_SIZE                   
00000bd8  __TI_CINIT_Base                
00000be8  __TI_CINIT_Limit               
00000bc0  __TI_Handler_Table_Base        
00000bcc  __TI_Handler_Table_Limit       
000008e1  __TI_auto_init                 
20000044  __TI_cleanup_ptr               
00000951  __TI_decompress_lzss           
00000b75  __TI_decompress_none           
20000048  __TI_dtors_ptr                 
2000004c  __TI_enable_exit_profile_output
ffffffff  __TI_pprof_out_hndl            
ffffffff  __TI_prof_data_size            
ffffffff  __TI_prof_data_start           
00000000  __TI_static_base__             
00000b91  __TI_zero_init                 
00000865  __aeabi_memclr                 
00000865  __aeabi_memclr4                
00000865  __aeabi_memclr8                
000007c9  __aeabi_memcpy                 
000007c9  __aeabi_memcpy4                
000007c9  __aeabi_memcpy8                
00000867  __aeabi_memset                 
00000867  __aeabi_memset4                
00000867  __aeabi_memset8                
ffffffff  __binit__                      
ffffffff  __c_args__                     
000008df  __mpu_init                     
2000fe00  __stack                        
00000b49  _args_main                     
00000a19  _c_int00                       
20000050  _lock                          
00000b6f  _nop                           
00000b67  _register_lock                 
00000b61  _register_unlock               
00000ba1  _system_post_cinit             
00000b9d  _system_pre_init               
20000054  _unlock                        
00000a71  abort                          
00000601  add_item_to_array              
ffffffff  binit                          
20000058  cardDetect                     
00000ac1  copy_in                        
20000040  data                           
20000000  data_array                     
000009b9  decoder                        
00000a79  exit                           
20000064  index                          
00000000  interruptVectors               
00000681  main                           
2000005c  main_func_sp                   
000007c9  memcpy                         
0000086d  memset                         
00000789  systic_config                  
00000751  timer_a0_config                


GLOBAL SYMBOLS: SORTED BY Symbol Address 

address   name                           
-------   ----                           
00000000  __TI_static_base__             
00000000  interruptVectors               
000000e5  SystemCoreClockUpdate          
00000200  __STACK_SIZE                   
0000035d  SystemInit                     
00000445  UART_Config_UCA2               
000004d3  UART_Config_UCA0               
00000561  UART_send_n                    
000005b3  UART_send_byte                 
000005cf  EUSCIA2_IRQHandler             
000005cf  EUSCIA2_IRQHandler             
00000601  add_item_to_array              
00000681  main                           
00000751  timer_a0_config                
00000783  TA0_0_IRQHandler               
00000783  TA0_0_IRQHandler               
00000789  systic_config                  
000007c9  __aeabi_memcpy                 
000007c9  __aeabi_memcpy4                
000007c9  __aeabi_memcpy8                
000007c9  memcpy                         
00000865  __aeabi_memclr                 
00000865  __aeabi_memclr4                
00000865  __aeabi_memclr8                
00000867  __aeabi_memset                 
00000867  __aeabi_memset4                
00000867  __aeabi_memset8                
0000086d  memset                         
000008df  __mpu_init                     
000008e1  __TI_auto_init                 
00000951  __TI_decompress_lzss           
000009b9  decoder                        
00000a19  _c_int00                       
00000a6d  C$$EXIT                        
00000a71  abort                          
00000a79  exit                           
00000ac1  copy_in                        
00000b0d  GPIO_Config                    
00000b49  _args_main                     
00000b61  _register_unlock               
00000b67  _register_lock                 
00000b6f  _nop                           
00000b75  __TI_decompress_none           
00000b83  Reset_Handler                  
00000b8f  ADC14_IRQHandler               
00000b8f  AES256_IRQHandler              
00000b8f  BusFault_Handler               
00000b8f  COMP_E0_IRQHandler             
00000b8f  COMP_E1_IRQHandler             
00000b8f  CS_IRQHandler                  
00000b8f  DMA_ERR_IRQHandler             
00000b8f  DMA_INT0_IRQHandler            
00000b8f  DMA_INT1_IRQHandler            
00000b8f  DMA_INT2_IRQHandler            
00000b8f  DMA_INT3_IRQHandler            
00000b8f  DebugMon_Handler               
00000b8f  Default_Handler                
00000b8f  EUSCIA0_IRQHandler             
00000b8f  EUSCIA1_IRQHandler             
00000b8f  EUSCIA3_IRQHandler             
00000b8f  EUSCIB0_IRQHandler             
00000b8f  EUSCIB1_IRQHandler             
00000b8f  EUSCIB2_IRQHandler             
00000b8f  EUSCIB3_IRQHandler             
00000b8f  FLCTL_IRQHandler               
00000b8f  FPU_IRQHandler                 
00000b8f  HardFault_Handler              
00000b8f  MemManage_Handler              
00000b8f  NMI_Handler                    
00000b8f  PCM_IRQHandler                 
00000b8f  PORT1_IRQHandler               
00000b8f  PORT2_IRQHandler               
00000b8f  PORT3_IRQHandler               
00000b8f  PORT4_IRQHandler               
00000b8f  PORT5_IRQHandler               
00000b8f  PORT6_IRQHandler               
00000b8f  PSS_IRQHandler                 
00000b8f  PendSV_Handler                 
00000b8f  RTC_C_IRQHandler               
00000b8f  SVC_Handler                    
00000b8f  SysTick_Handler                
00000b8f  T32_INT1_IRQHandler            
00000b8f  T32_INT2_IRQHandler            
00000b8f  T32_INTC_IRQHandler            
00000b8f  TA0_N_IRQHandler               
00000b8f  TA1_0_IRQHandler               
00000b8f  TA1_N_IRQHandler               
00000b8f  TA2_0_IRQHandler               
00000b8f  TA2_N_IRQHandler               
00000b8f  TA3_0_IRQHandler               
00000b8f  TA3_N_IRQHandler               
00000b8f  UsageFault_Handler             
00000b8f  WDT_A_IRQHandler               
00000b91  __TI_zero_init                 
00000b9d  _system_pre_init               
00000ba1  _system_post_cinit             
00000bc0  __TI_Handler_Table_Base        
00000bcc  __TI_Handler_Table_Limit       
00000bd8  __TI_CINIT_Base                
00000be8  __TI_CINIT_Limit               
20000000  data_array                     
20000040  data                           
20000044  __TI_cleanup_ptr               
20000048  __TI_dtors_ptr                 
2000004c  __TI_enable_exit_profile_output
20000050  _lock                          
20000054  _unlock                        
20000058  cardDetect                     
2000005c  main_func_sp                   
20000060  SystemCoreClock                
20000064  index                          
2000fe00  __stack                        
20010000  __STACK_END                    
4000480c  WDTCTL_SYM                     
ffffffff  __TI_pprof_out_hndl            
ffffffff  __TI_prof_data_size            
ffffffff  __TI_prof_data_start           
ffffffff  __binit__                      
ffffffff  __c_args__                     
ffffffff  binit                          
UNDEFED   SHT$$INIT_ARRAY$$Base          
UNDEFED   SHT$$INIT_ARRAY$$Limit         

[122 symbols]
