******************************************************************************
                  TI ARM Linker PC v16.9.7                     
******************************************************************************
>> Linked Thu Apr 26 14:00:08 2018

OUTPUT FILE NAME:   <DDL_Project.out>
ENTRY POINT SYMBOL: "_c_int00"  address: 000009a9


MEMORY CONFIGURATION

         name            origin    length      used     unused   attr    fill
----------------------  --------  ---------  --------  --------  ----  --------
  MAIN                  00000000   00040000  00000b72  0003f48e  R  X
  INFO                  00200000   00004000  00000000  00004000  R  X
  SRAM_CODE             01000000   00010000  00000221  0000fddf  RW X
  SRAM_DATA             20000000   00010000  00000221  0000fddf  RW  


SEGMENT ALLOCATION MAP

run origin  load origin   length   init length attrs members
----------  ----------- ---------- ----------- ----- -------
00000000    00000000    00000b78   00000b78    r-x
  00000000    00000000    000000e4   000000e4    r-- .intvecs
  000000e4    000000e4    00000a4e   00000a4e    r-x .text
  00000b38    00000b38    00000040   00000040    r-- .cinit
20000000    20000000    00000021   00000000    rw-
  20000000    20000000    00000020   00000000    rw- .data
  20000020    20000020    00000001   00000000    rw- .bss
2000fe00    2000fe00    00000200   00000000    rw-
  2000fe00    2000fe00    00000200   00000000    rw- .stack


SECTION ALLOCATION MAP

 output                                  attributes/
section   page    origin      length       input sections
--------  ----  ----------  ----------   ----------------
.intvecs   0    00000000    000000e4     
                  00000000    000000e4     startup_msp432p401r_ccs.obj (.intvecs:retain)

.binit     0    00000000    00000000     

.text      0    000000e4    00000a4e     
                  000000e4    00000334     system_msp432p401r.obj (.text)
                  00000418    00000244     uart.obj (.text)
                  0000065c    000000fc     timer.obj (.text)
                  00000758    0000009c     rtsv7M4_T_le_v4SPD16_eabi.lib : memcpy_t2.obj (.text)
                  000007f4    0000007a                                   : memset_t2.obj (.text)
                  0000086e    00000002                                   : mpu_init.obj (.text)
                  00000870    00000070                                   : autoinit.obj (.text)
                  000008e0    00000068                                   : copy_decompress_lzss.obj (.text:decompress:lzss)
                  00000948    00000060     main.obj (.text)
                  000009a8    00000054     rtsv7M4_T_le_v4SPD16_eabi.lib : boot.obj (.text)
                  000009fc    00000054                                   : exit.obj (.text)
                  00000a50    0000004c                                   : cpy_tbl.obj (.text)
                  00000a9c    0000003c     GPIO.obj (.text)
                  00000ad8    00000018     rtsv7M4_T_le_v4SPD16_eabi.lib : args_main.obj (.text)
                  00000af0    00000014                                   : _lock.obj (.text)
                  00000b04    0000000e                                   : copy_decompress_none.obj (.text:decompress:none)
                  00000b12    0000000e     startup_msp432p401r_ccs.obj (.text)
                  00000b20    0000000c     rtsv7M4_T_le_v4SPD16_eabi.lib : copy_zero_init.obj (.text:decompress:ZI)
                  00000b2c    00000004                                   : pre_init.obj (.text)
                  00000b30    00000002                                   : startup.obj (.text)

.cinit     0    00000b38    00000040     
                  00000b38    00000015     (.cinit..data.load) [load image, compression = lzss]
                  00000b4d    00000003     --HOLE-- [fill = 0]
                  00000b50    0000000c     (__TI_handler_table)
                  00000b5c    00000004     --HOLE-- [fill = 0]
                  00000b60    00000008     (.cinit..bss.load) [load image, compression = zero_init]
                  00000b68    00000010     (__TI_cinit_table)

.init_array 
*          0    00000000    00000000     UNINITIALIZED

.data      0    20000000    00000020     UNINITIALIZED
                  20000000    0000000c     rtsv7M4_T_le_v4SPD16_eabi.lib : exit.obj (.data:$O1$$)
                  2000000c    00000008                                   : _lock.obj (.data:$O1$$)
                  20000014    00000004     main.obj (.data)
                  20000018    00000004     rtsv7M4_T_le_v4SPD16_eabi.lib : stkdepth_vars.obj (.data)
                  2000001c    00000004     system_msp432p401r.obj (.data)

.bss       0    20000020    00000001     UNINITIALIZED
                  20000020    00000001     (.common:data)

.stack     0    2000fe00    00000200     UNINITIALIZED
                  2000fe00    00000200     --HOLE--

MODULE SUMMARY

       Module                        code   ro data   rw data
       ------                        ----   -------   -------
    .\
       system_msp432p401r.obj        820    0         8      
       uart.obj                      580    0         2      
       timer.obj                     252    0         0      
       startup_msp432p401r_ccs.obj   14     228       0      
       main.obj                      96     0         8      
       GPIO.obj                      60     0         0      
    +--+-----------------------------+------+---------+---------+
       Total:                        1822   228       18     
                                                             
    C:\ti\ccsv7\tools\compiler\ti-cgt-arm_16.9.7.LTS\lib\rtsv7M4_T_le_v4SPD16_eabi.lib
       memcpy_t2.obj                 156    0         0      
       memset_t2.obj                 122    0         0      
       autoinit.obj                  112    0         0      
       exit.obj                      84     0         24     
       copy_decompress_lzss.obj      104    0         0      
       boot.obj                      84     0         0      
       cpy_tbl.obj                   76     0         0      
       _lock.obj                     20     0         16     
       args_main.obj                 24     0         0      
       copy_decompress_none.obj      14     0         0      
       copy_zero_init.obj            12     0         0      
       stkdepth_vars.obj             0      0         8      
       pre_init.obj                  4      0         0      
       mpu_init.obj                  2      0         0      
       startup.obj                   2      0         0      
    +--+-----------------------------+------+---------+---------+
       Total:                        816    0         48     
                                                             
       Stack:                        0      0         1024   
       Linker Generated:             0      57        0      
    +--+-----------------------------+------+---------+---------+
       Grand Total:                  2638   285       1090   


LINKER GENERATED COPY TABLES

__TI_cinit_table @ 00000b68 records: 2, size/record: 8, table size: 16
	.data: load addr=00000b38, load size=00000015 bytes, run addr=20000000, run size=00000020 bytes, compression=lzss
	.bss: load addr=00000b60, load size=00000008 bytes, run addr=20000020, run size=00000001 bytes, compression=zero_init


LINKER GENERATED HANDLER TABLE

__TI_handler_table @ 00000b50 records: 3, size/record: 4, table size: 12
	index: 0, handler: __TI_decompress_lzss
	index: 1, handler: __TI_decompress_none
	index: 2, handler: __TI_zero_init


GLOBAL SYMBOLS: SORTED ALPHABETICALLY BY Name 

address   name                           
-------   ----                           
00000b1f  ADC14_IRQHandler               
00000b1f  AES256_IRQHandler              
00000b1f  BusFault_Handler               
000009fd  C$$EXIT                        
00000b1f  COMP_E0_IRQHandler             
00000b1f  COMP_E1_IRQHandler             
00000b1f  CS_IRQHandler                  
00000b1f  DMA_ERR_IRQHandler             
00000b1f  DMA_INT0_IRQHandler            
00000b1f  DMA_INT1_IRQHandler            
00000b1f  DMA_INT2_IRQHandler            
00000b1f  DMA_INT3_IRQHandler            
00000b1f  DebugMon_Handler               
00000b1f  Default_Handler                
00000b1f  EUSCIA0_IRQHandler             
00000b1f  EUSCIA1_IRQHandler             
000005db  EUSCIA2_IRQHandler             
000005db  EUSCIA2_IRQHandler             
00000b1f  EUSCIA3_IRQHandler             
00000b1f  EUSCIB0_IRQHandler             
00000b1f  EUSCIB1_IRQHandler             
00000b1f  EUSCIB2_IRQHandler             
00000b1f  EUSCIB3_IRQHandler             
00000b1f  FLCTL_IRQHandler               
00000b1f  FPU_IRQHandler                 
00000a9d  GPIO_Config                    
00000b1f  HardFault_Handler              
00000b1f  MemManage_Handler              
00000b1f  NMI_Handler                    
00000b1f  PCM_IRQHandler                 
00000b1f  PORT1_IRQHandler               
00000b1f  PORT2_IRQHandler               
00000b1f  PORT3_IRQHandler               
00000b1f  PORT4_IRQHandler               
00000b1f  PORT5_IRQHandler               
00000b1f  PORT6_IRQHandler               
00000b1f  PSS_IRQHandler                 
00000b1f  PendSV_Handler                 
00000b1f  RTC_C_IRQHandler               
00000b13  Reset_Handler                  
UNDEFED   SHT$$INIT_ARRAY$$Base          
UNDEFED   SHT$$INIT_ARRAY$$Limit         
00000b1f  SVC_Handler                    
00000b1f  SysTick_Handler                
2000001c  SystemCoreClock                
000000e5  SystemCoreClockUpdate          
0000035d  SystemInit                     
00000b1f  T32_INT1_IRQHandler            
00000b1f  T32_INT2_IRQHandler            
00000b1f  T32_INTC_IRQHandler            
00000701  TA0_0_IRQHandler               
00000701  TA0_0_IRQHandler               
00000b1f  TA0_N_IRQHandler               
00000b1f  TA1_0_IRQHandler               
00000b1f  TA1_N_IRQHandler               
00000b1f  TA2_0_IRQHandler               
00000b1f  TA2_N_IRQHandler               
00000b1f  TA3_0_IRQHandler               
00000b1f  TA3_N_IRQHandler               
000004d9  UART_Config_UCA0               
00000445  UART_Config_UCA2               
000005bf  UART_send_byte                 
0000056d  UART_send_n                    
00000b1f  UsageFault_Handler             
4000480c  WDTCTL_SYM                     
00000b1f  WDT_A_IRQHandler               
20010000  __STACK_END                    
00000200  __STACK_SIZE                   
00000b68  __TI_CINIT_Base                
00000b78  __TI_CINIT_Limit               
00000b50  __TI_Handler_Table_Base        
00000b5c  __TI_Handler_Table_Limit       
00000871  __TI_auto_init                 
20000000  __TI_cleanup_ptr               
000008e1  __TI_decompress_lzss           
00000b05  __TI_decompress_none           
20000004  __TI_dtors_ptr                 
20000008  __TI_enable_exit_profile_output
ffffffff  __TI_pprof_out_hndl            
ffffffff  __TI_prof_data_size            
ffffffff  __TI_prof_data_start           
00000000  __TI_static_base__             
00000b21  __TI_zero_init                 
000007f5  __aeabi_memclr                 
000007f5  __aeabi_memclr4                
000007f5  __aeabi_memclr8                
00000759  __aeabi_memcpy                 
00000759  __aeabi_memcpy4                
00000759  __aeabi_memcpy8                
000007f7  __aeabi_memset                 
000007f7  __aeabi_memset4                
000007f7  __aeabi_memset8                
ffffffff  __binit__                      
ffffffff  __c_args__                     
0000086f  __mpu_init                     
2000fe00  __stack                        
00000ad9  _args_main                     
000009a9  _c_int00                       
2000000c  _lock                          
00000aff  _nop                           
00000af7  _register_lock                 
00000af1  _register_unlock               
00000b31  _system_post_cinit             
00000b2d  _system_pre_init               
20000010  _unlock                        
00000a01  abort                          
ffffffff  binit                          
20000014  cardDetect                     
00000a51  copy_in                        
20000020  data                           
00000a09  exit                           
00000000  interruptVectors               
00000949  main                           
20000018  main_func_sp                   
00000759  memcpy                         
000007fd  memset                         
00000707  systic_config                  
00000689  timer_a0_config                
000006bb  timer_a0_pwm_config            


GLOBAL SYMBOLS: SORTED BY Symbol Address 

address   name                           
-------   ----                           
00000000  __TI_static_base__             
00000000  interruptVectors               
000000e5  SystemCoreClockUpdate          
00000200  __STACK_SIZE                   
0000035d  SystemInit                     
00000445  UART_Config_UCA2               
000004d9  UART_Config_UCA0               
0000056d  UART_send_n                    
000005bf  UART_send_byte                 
000005db  EUSCIA2_IRQHandler             
000005db  EUSCIA2_IRQHandler             
00000689  timer_a0_config                
000006bb  timer_a0_pwm_config            
00000701  TA0_0_IRQHandler               
00000701  TA0_0_IRQHandler               
00000707  systic_config                  
00000759  __aeabi_memcpy                 
00000759  __aeabi_memcpy4                
00000759  __aeabi_memcpy8                
00000759  memcpy                         
000007f5  __aeabi_memclr                 
000007f5  __aeabi_memclr4                
000007f5  __aeabi_memclr8                
000007f7  __aeabi_memset                 
000007f7  __aeabi_memset4                
000007f7  __aeabi_memset8                
000007fd  memset                         
0000086f  __mpu_init                     
00000871  __TI_auto_init                 
000008e1  __TI_decompress_lzss           
00000949  main                           
000009a9  _c_int00                       
000009fd  C$$EXIT                        
00000a01  abort                          
00000a09  exit                           
00000a51  copy_in                        
00000a9d  GPIO_Config                    
00000ad9  _args_main                     
00000af1  _register_unlock               
00000af7  _register_lock                 
00000aff  _nop                           
00000b05  __TI_decompress_none           
00000b13  Reset_Handler                  
00000b1f  ADC14_IRQHandler               
00000b1f  AES256_IRQHandler              
00000b1f  BusFault_Handler               
00000b1f  COMP_E0_IRQHandler             
00000b1f  COMP_E1_IRQHandler             
00000b1f  CS_IRQHandler                  
00000b1f  DMA_ERR_IRQHandler             
00000b1f  DMA_INT0_IRQHandler            
00000b1f  DMA_INT1_IRQHandler            
00000b1f  DMA_INT2_IRQHandler            
00000b1f  DMA_INT3_IRQHandler            
00000b1f  DebugMon_Handler               
00000b1f  Default_Handler                
00000b1f  EUSCIA0_IRQHandler             
00000b1f  EUSCIA1_IRQHandler             
00000b1f  EUSCIA3_IRQHandler             
00000b1f  EUSCIB0_IRQHandler             
00000b1f  EUSCIB1_IRQHandler             
00000b1f  EUSCIB2_IRQHandler             
00000b1f  EUSCIB3_IRQHandler             
00000b1f  FLCTL_IRQHandler               
00000b1f  FPU_IRQHandler                 
00000b1f  HardFault_Handler              
00000b1f  MemManage_Handler              
00000b1f  NMI_Handler                    
00000b1f  PCM_IRQHandler                 
00000b1f  PORT1_IRQHandler               
00000b1f  PORT2_IRQHandler               
00000b1f  PORT3_IRQHandler               
00000b1f  PORT4_IRQHandler               
00000b1f  PORT5_IRQHandler               
00000b1f  PORT6_IRQHandler               
00000b1f  PSS_IRQHandler                 
00000b1f  PendSV_Handler                 
00000b1f  RTC_C_IRQHandler               
00000b1f  SVC_Handler                    
00000b1f  SysTick_Handler                
00000b1f  T32_INT1_IRQHandler            
00000b1f  T32_INT2_IRQHandler            
00000b1f  T32_INTC_IRQHandler            
00000b1f  TA0_N_IRQHandler               
00000b1f  TA1_0_IRQHandler               
00000b1f  TA1_N_IRQHandler               
00000b1f  TA2_0_IRQHandler               
00000b1f  TA2_N_IRQHandler               
00000b1f  TA3_0_IRQHandler               
00000b1f  TA3_N_IRQHandler               
00000b1f  UsageFault_Handler             
00000b1f  WDT_A_IRQHandler               
00000b21  __TI_zero_init                 
00000b2d  _system_pre_init               
00000b31  _system_post_cinit             
00000b50  __TI_Handler_Table_Base        
00000b5c  __TI_Handler_Table_Limit       
00000b68  __TI_CINIT_Base                
00000b78  __TI_CINIT_Limit               
20000000  __TI_cleanup_ptr               
20000004  __TI_dtors_ptr                 
20000008  __TI_enable_exit_profile_output
2000000c  _lock                          
20000010  _unlock                        
20000014  cardDetect                     
20000018  main_func_sp                   
2000001c  SystemCoreClock                
20000020  data                           
2000fe00  __stack                        
20010000  __STACK_END                    
4000480c  WDTCTL_SYM                     
ffffffff  __TI_pprof_out_hndl            
ffffffff  __TI_prof_data_size            
ffffffff  __TI_prof_data_start           
ffffffff  __binit__                      
ffffffff  __c_args__                     
ffffffff  binit                          
UNDEFED   SHT$$INIT_ARRAY$$Base          
UNDEFED   SHT$$INIT_ARRAY$$Limit         

[119 symbols]
