******************************************************************************
                  TI ARM Linker PC v16.9.7                     
******************************************************************************
>> Linked Thu May 03 16:06:35 2018

OUTPUT FILE NAME:   <DDL_Project.out>
ENTRY POINT SYMBOL: "_c_int00"  address: 00000f99


MEMORY CONFIGURATION

         name            origin    length      used     unused   attr    fill
----------------------  --------  ---------  --------  --------  ----  --------
  MAIN                  00000000   00040000  0000114e  0003eeb2  R  X
  INFO                  00200000   00004000  00000000  00004000  R  X
  SRAM_CODE             01000000   00010000  00000296  0000fd6a  RW X
  SRAM_DATA             20000000   00010000  00000296  0000fd6a  RW  


SEGMENT ALLOCATION MAP

run origin  load origin   length   init length attrs members
----------  ----------- ---------- ----------- ----- -------
00000000    00000000    00001150   00001150    r-x
  00000000    00000000    000000e4   000000e4    r-- .intvecs
  000000e4    000000e4    00001002   00001002    r-x .text
  000010e8    000010e8    00000068   00000068    r-- .cinit
20000000    20000000    00000099   00000000    rw-
  20000000    20000000    00000055   00000000    rw- .data
  20000058    20000058    00000041   00000000    rw- .bss
2000fe00    2000fe00    00000200   00000000    rw-
  2000fe00    2000fe00    00000200   00000000    rw- .stack


SECTION ALLOCATION MAP

 output                                  attributes/
section   page    origin      length       input sections
--------  ----  ----------  ----------   ----------------
.intvecs   0    00000000    000000e4     
                  00000000    000000e4     startup_msp432p401r_ccs.obj (.intvecs:retain)

.binit     0    00000000    00000000     

.text      0    000000e4    00001002     
                  000000e4    000004e4     Decoder.obj (.text)
                  000005c8    00000334     system_msp432p401r.obj (.text)
                  000008fc    00000290     uart.obj (.text)
                  00000b8c    00000144     timer.obj (.text)
                  00000cd0    0000009c     rtsv7M4_T_le_v4SPD16_eabi.lib : memcpy_t2.obj (.text)
                  00000d6c    0000007a                                   : memset_t2.obj (.text)
                  00000de6    00000002                                   : mpu_init.obj (.text)
                  00000de8    00000074     main.obj (.text)
                  00000e5c    00000070     rtsv7M4_T_le_v4SPD16_eabi.lib : autoinit.obj (.text)
                  00000ecc    00000068                                   : copy_decompress_lzss.obj (.text:decompress:lzss)
                  00000f34    00000064     GPIO.obj (.text)
                  00000f98    00000054     rtsv7M4_T_le_v4SPD16_eabi.lib : boot.obj (.text)
                  00000fec    00000054                                   : exit.obj (.text)
                  00001040    0000004c                                   : cpy_tbl.obj (.text)
                  0000108c    00000018                                   : args_main.obj (.text)
                  000010a4    00000014                                   : _lock.obj (.text)
                  000010b8    0000000e                                   : copy_decompress_none.obj (.text:decompress:none)
                  000010c6    0000000e     startup_msp432p401r_ccs.obj (.text)
                  000010d4    0000000c     rtsv7M4_T_le_v4SPD16_eabi.lib : copy_zero_init.obj (.text:decompress:ZI)
                  000010e0    00000004                                   : pre_init.obj (.text)
                  000010e4    00000002                                   : startup.obj (.text)

.cinit     0    000010e8    00000068     
                  000010e8    00000041     (.cinit..data.load) [load image, compression = lzss]
                  00001129    00000003     --HOLE-- [fill = 0]
                  0000112c    0000000c     (__TI_handler_table)
                  00001138    00000008     (.cinit..bss.load) [load image, compression = zero_init]
                  00001140    00000010     (__TI_cinit_table)

.init_array 
*          0    00000000    00000000     UNINITIALIZED

.data      0    20000000    00000055     UNINITIALIZED
                  20000000    00000010     Decoder.obj (.data:master)
                  20000010    00000010     Decoder.obj (.data:user_1)
                  20000020    00000010     Decoder.obj (.data:user_2)
                  20000030    0000000c     rtsv7M4_T_le_v4SPD16_eabi.lib : exit.obj (.data:$O1$$)
                  2000003c    00000008                                   : _lock.obj (.data:$O1$$)
                  20000044    00000004     main.obj (.data)
                  20000048    00000004     rtsv7M4_T_le_v4SPD16_eabi.lib : stkdepth_vars.obj (.data)
                  2000004c    00000004     system_msp432p401r.obj (.data)
                  20000050    00000002     Decoder.obj (.data)
                  20000052    00000002     uart.obj (.data)
                  20000054    00000001     timer.obj (.data)

.bss       0    20000058    00000041     UNINITIALIZED
                  20000058    00000040     (.common:data_array)
                  20000098    00000001     (.common:data)

.stack     0    2000fe00    00000200     UNINITIALIZED
                  2000fe00    00000200     --HOLE--

MODULE SUMMARY

       Module                        code   ro data   rw data
       ------                        ----   -------   -------
    .\
       Decoder.obj                   1252   0         100    
       system_msp432p401r.obj        820    0         8      
       uart.obj                      656    0         134    
       timer.obj                     324    0         2      
       startup_msp432p401r_ccs.obj   14     228       0      
       main.obj                      116    0         8      
       GPIO.obj                      100    0         0      
    +--+-----------------------------+------+---------+---------+
       Total:                        3282   228       252    
                                                             
    C:\ti\ccsv7\tools\compiler\ti-cgt-arm_16.9.7.LTS\lib\rtsv7M4_T_le_v4SPD16_eabi.lib
       memcpy_t2.obj                 156    0         0      
       memset_t2.obj                 122    0         0      
       autoinit.obj                  112    0         0      
       exit.obj                      84     0         24     
       copy_decompress_lzss.obj      104    0         0      
       boot.obj                      84     0         0      
       cpy_tbl.obj                   76     0         0      
       _lock.obj                     20     0         16     
       args_main.obj                 24     0         0      
       copy_decompress_none.obj      14     0         0      
       copy_zero_init.obj            12     0         0      
       stkdepth_vars.obj             0      0         8      
       pre_init.obj                  4      0         0      
       mpu_init.obj                  2      0         0      
       startup.obj                   2      0         0      
    +--+-----------------------------+------+---------+---------+
       Total:                        816    0         48     
                                                             
       Stack:                        0      0         1024   
       Linker Generated:             0      101       0      
    +--+-----------------------------+------+---------+---------+
       Grand Total:                  4098   329       1324   


LINKER GENERATED COPY TABLES

__TI_cinit_table @ 00001140 records: 2, size/record: 8, table size: 16
	.data: load addr=000010e8, load size=00000041 bytes, run addr=20000000, run size=00000055 bytes, compression=lzss
	.bss: load addr=00001138, load size=00000008 bytes, run addr=20000058, run size=00000041 bytes, compression=zero_init


LINKER GENERATED HANDLER TABLE

__TI_handler_table @ 0000112c records: 3, size/record: 4, table size: 12
	index: 0, handler: __TI_decompress_lzss
	index: 1, handler: __TI_decompress_none
	index: 2, handler: __TI_zero_init


GLOBAL SYMBOLS: SORTED ALPHABETICALLY BY Name 

address   name                           
-------   ----                           
000010d3  ADC14_IRQHandler               
000010d3  AES256_IRQHandler              
000010d3  BusFault_Handler               
00000fed  C$$EXIT                        
000010d3  COMP_E0_IRQHandler             
000010d3  COMP_E1_IRQHandler             
000010d3  CS_IRQHandler                  
000010d3  DMA_ERR_IRQHandler             
000010d3  DMA_INT0_IRQHandler            
000010d3  DMA_INT1_IRQHandler            
000010d3  DMA_INT2_IRQHandler            
000010d3  DMA_INT3_IRQHandler            
000010d3  DebugMon_Handler               
000010d3  Default_Handler                
00000ab3  EUSCIA0_IRQHandler             
00000ab3  EUSCIA0_IRQHandler             
000010d3  EUSCIA1_IRQHandler             
00000ad9  EUSCIA2_IRQHandler             
00000ad9  EUSCIA2_IRQHandler             
000010d3  EUSCIA3_IRQHandler             
000010d3  EUSCIB0_IRQHandler             
000010d3  EUSCIB1_IRQHandler             
000010d3  EUSCIB2_IRQHandler             
000010d3  EUSCIB3_IRQHandler             
000010d3  FLCTL_IRQHandler               
000010d3  FPU_IRQHandler                 
00000f35  GPIO_Config                    
000010d3  HardFault_Handler              
000010d3  MemManage_Handler              
000010d3  NMI_Handler                    
000010d3  PCM_IRQHandler                 
000010d3  PORT1_IRQHandler               
000010d3  PORT2_IRQHandler               
000010d3  PORT3_IRQHandler               
000010d3  PORT4_IRQHandler               
000010d3  PORT5_IRQHandler               
000010d3  PORT6_IRQHandler               
000010d3  PSS_IRQHandler                 
000010d3  PendSV_Handler                 
000010d3  RTC_C_IRQHandler               
000010c7  Reset_Handler                  
UNDEFED   SHT$$INIT_ARRAY$$Base          
UNDEFED   SHT$$INIT_ARRAY$$Limit         
000010d3  SVC_Handler                    
000010d3  SysTick_Handler                
2000004c  SystemCoreClock                
000005c9  SystemCoreClockUpdate          
00000841  SystemInit                     
000010d3  T32_INT1_IRQHandler            
000010d3  T32_INT2_IRQHandler            
000010d3  T32_INTC_IRQHandler            
00000c7b  TA0_0_IRQHandler               
00000c7b  TA0_0_IRQHandler               
000010d3  TA0_N_IRQHandler               
000010d3  TA1_0_IRQHandler               
000010d3  TA1_N_IRQHandler               
000010d3  TA2_0_IRQHandler               
000010d3  TA2_N_IRQHandler               
000010d3  TA3_0_IRQHandler               
000010d3  TA3_N_IRQHandler               
000009b7  UART_Config_UCA0               
00000929  UART_Config_UCA2               
00000a97  UART_send_byte                 
00000a45  UART_send_n                    
000010d3  UsageFault_Handler             
4000480c  WDTCTL_SYM                     
000010d3  WDT_A_IRQHandler               
20010000  __STACK_END                    
00000200  __STACK_SIZE                   
00001140  __TI_CINIT_Base                
00001150  __TI_CINIT_Limit               
0000112c  __TI_Handler_Table_Base        
00001138  __TI_Handler_Table_Limit       
00000e5d  __TI_auto_init                 
20000030  __TI_cleanup_ptr               
00000ecd  __TI_decompress_lzss           
000010b9  __TI_decompress_none           
20000034  __TI_dtors_ptr                 
20000038  __TI_enable_exit_profile_output
ffffffff  __TI_pprof_out_hndl            
ffffffff  __TI_prof_data_size            
ffffffff  __TI_prof_data_start           
00000000  __TI_static_base__             
000010d5  __TI_zero_init                 
00000d6d  __aeabi_memclr                 
00000d6d  __aeabi_memclr4                
00000d6d  __aeabi_memclr8                
00000cd1  __aeabi_memcpy                 
00000cd1  __aeabi_memcpy4                
00000cd1  __aeabi_memcpy8                
00000d6f  __aeabi_memset                 
00000d6f  __aeabi_memset4                
00000d6f  __aeabi_memset8                
ffffffff  __binit__                      
ffffffff  __c_args__                     
00000de7  __mpu_init                     
2000fe00  __stack                        
0000108d  _args_main                     
00000f99  _c_int00                       
2000003c  _lock                          
000010b3  _nop                           
000010ab  _register_lock                 
000010a5  _register_unlock               
000010e5  _system_post_cinit             
000010e1  _system_pre_init               
20000040  _unlock                        
00000ff1  abort                          
00000b03  add_item_to_array              
ffffffff  binit                          
20000044  cardDetect                     
00001041  copy_in                        
20000098  data                           
20000058  data_array                     
000000e5  decoder                        
20000050  enable                         
00000ff9  exit                           
20000053  index                          
00000000  interruptVectors               
00000de9  main                           
20000048  main_func_sp                   
20000000  master                         
00000cd1  memcpy                         
00000d75  memset                         
00000c47  pwm_down                       
00000c13  pwm_up                         
20000052  response                       
20000054  status                         
00000c81  systic_config                  
00000bb9  timer_a0_config                
00000beb  timer_a0_pwm_config            
20000051  toggle                         
20000010  user_1                         
20000020  user_2                         


GLOBAL SYMBOLS: SORTED BY Symbol Address 

address   name                           
-------   ----                           
00000000  __TI_static_base__             
00000000  interruptVectors               
000000e5  decoder                        
00000200  __STACK_SIZE                   
000005c9  SystemCoreClockUpdate          
00000841  SystemInit                     
00000929  UART_Config_UCA2               
000009b7  UART_Config_UCA0               
00000a45  UART_send_n                    
00000a97  UART_send_byte                 
00000ab3  EUSCIA0_IRQHandler             
00000ab3  EUSCIA0_IRQHandler             
00000ad9  EUSCIA2_IRQHandler             
00000ad9  EUSCIA2_IRQHandler             
00000b03  add_item_to_array              
00000bb9  timer_a0_config                
00000beb  timer_a0_pwm_config            
00000c13  pwm_up                         
00000c47  pwm_down                       
00000c7b  TA0_0_IRQHandler               
00000c7b  TA0_0_IRQHandler               
00000c81  systic_config                  
00000cd1  __aeabi_memcpy                 
00000cd1  __aeabi_memcpy4                
00000cd1  __aeabi_memcpy8                
00000cd1  memcpy                         
00000d6d  __aeabi_memclr                 
00000d6d  __aeabi_memclr4                
00000d6d  __aeabi_memclr8                
00000d6f  __aeabi_memset                 
00000d6f  __aeabi_memset4                
00000d6f  __aeabi_memset8                
00000d75  memset                         
00000de7  __mpu_init                     
00000de9  main                           
00000e5d  __TI_auto_init                 
00000ecd  __TI_decompress_lzss           
00000f35  GPIO_Config                    
00000f99  _c_int00                       
00000fed  C$$EXIT                        
00000ff1  abort                          
00000ff9  exit                           
00001041  copy_in                        
0000108d  _args_main                     
000010a5  _register_unlock               
000010ab  _register_lock                 
000010b3  _nop                           
000010b9  __TI_decompress_none           
000010c7  Reset_Handler                  
000010d3  ADC14_IRQHandler               
000010d3  AES256_IRQHandler              
000010d3  BusFault_Handler               
000010d3  COMP_E0_IRQHandler             
000010d3  COMP_E1_IRQHandler             
000010d3  CS_IRQHandler                  
000010d3  DMA_ERR_IRQHandler             
000010d3  DMA_INT0_IRQHandler            
000010d3  DMA_INT1_IRQHandler            
000010d3  DMA_INT2_IRQHandler            
000010d3  DMA_INT3_IRQHandler            
000010d3  DebugMon_Handler               
000010d3  Default_Handler                
000010d3  EUSCIA1_IRQHandler             
000010d3  EUSCIA3_IRQHandler             
000010d3  EUSCIB0_IRQHandler             
000010d3  EUSCIB1_IRQHandler             
000010d3  EUSCIB2_IRQHandler             
000010d3  EUSCIB3_IRQHandler             
000010d3  FLCTL_IRQHandler               
000010d3  FPU_IRQHandler                 
000010d3  HardFault_Handler              
000010d3  MemManage_Handler              
000010d3  NMI_Handler                    
000010d3  PCM_IRQHandler                 
000010d3  PORT1_IRQHandler               
000010d3  PORT2_IRQHandler               
000010d3  PORT3_IRQHandler               
000010d3  PORT4_IRQHandler               
000010d3  PORT5_IRQHandler               
000010d3  PORT6_IRQHandler               
000010d3  PSS_IRQHandler                 
000010d3  PendSV_Handler                 
000010d3  RTC_C_IRQHandler               
000010d3  SVC_Handler                    
000010d3  SysTick_Handler                
000010d3  T32_INT1_IRQHandler            
000010d3  T32_INT2_IRQHandler            
000010d3  T32_INTC_IRQHandler            
000010d3  TA0_N_IRQHandler               
000010d3  TA1_0_IRQHandler               
000010d3  TA1_N_IRQHandler               
000010d3  TA2_0_IRQHandler               
000010d3  TA2_N_IRQHandler               
000010d3  TA3_0_IRQHandler               
000010d3  TA3_N_IRQHandler               
000010d3  UsageFault_Handler             
000010d3  WDT_A_IRQHandler               
000010d5  __TI_zero_init                 
000010e1  _system_pre_init               
000010e5  _system_post_cinit             
0000112c  __TI_Handler_Table_Base        
00001138  __TI_Handler_Table_Limit       
00001140  __TI_CINIT_Base                
00001150  __TI_CINIT_Limit               
20000000  master                         
20000010  user_1                         
20000020  user_2                         
20000030  __TI_cleanup_ptr               
20000034  __TI_dtors_ptr                 
20000038  __TI_enable_exit_profile_output
2000003c  _lock                          
20000040  _unlock                        
20000044  cardDetect                     
20000048  main_func_sp                   
2000004c  SystemCoreClock                
20000050  enable                         
20000051  toggle                         
20000052  response                       
20000053  index                          
20000054  status                         
20000058  data_array                     
20000098  data                           
2000fe00  __stack                        
20010000  __STACK_END                    
4000480c  WDTCTL_SYM                     
ffffffff  __TI_pprof_out_hndl            
ffffffff  __TI_prof_data_size            
ffffffff  __TI_prof_data_start           
ffffffff  __binit__                      
ffffffff  __c_args__                     
ffffffff  binit                          
UNDEFED   SHT$$INIT_ARRAY$$Base          
UNDEFED   SHT$$INIT_ARRAY$$Limit         

[133 symbols]
